Кабельное ТВ - Пользователь получает ошибку при вводе невалидных данных для check запроса - <providerName> - Примеры.Кабельное ТВ - Пользователь получает ошибку при вводе невалидных данных для check запроса - <providerName> - Примеры - Пользователь получает ошибку при вводе невалидных данных для check запроса - ALFANET_TV
Паркинг - Пользователь получает ошибку при вводе невалидных данных для check запроса - <providerName> - Примеры.Паркинг - Пользователь получает ошибку при вводе невалидных данных для check запроса - <providerName> - Примеры - Пользователь получает ошибку при вводе невалидных данных для check запроса - AZPARKING
Телефон - Получение списка провайдеров для категории "Телефон" - Примеры.Телефон - Получение списка провайдеров для категории "Телефон" - Примеры - Получение списка провайдеров для категории "Телефон"
Лимит кэшбэка. Пользователь получает кэшбэк 2% на месячный оборот до 500 AZN и 1% кэшбэка на оборот превышающий 500 AZN - Пользователь оплачивает <providerName> единовременно на сумму до 500 AZN (включительно) и получает 2% кэшбэка - Примеры.Лимит кэшбэка. Пользователь получает кэшбэк 2% на месячный оборот до 500 AZN и 1% кэшбэка на оборот превышающий 500 AZN - Пользователь оплачивает <providerName> единовременно на сумму до 500 AZN (включительно) и получает 2% кэшбэка - Примеры - Пользователь оплачивает AILETV единовременно на сумму до 500 AZN (включительно) и получает 2% кэшбэка
Тотализатор - Пользователь получает ошибку при вводе невалидных данных для check запроса - <providerName> - Примеры.Тотализатор - Пользователь получает ошибку при вводе невалидных данных для check запроса - <providerName> - Примеры - Пользователь получает ошибку при вводе невалидных данных для check запроса - ETOPAZ
Лимит кэшбэка. Пользователь получает кэшбэк 2% на месячный оборот до 500 AZN и 1% кэшбэка на оборот превышающий 500 AZN - Пользователь оплачивает <providerName> единовременно на сумму до 500 AZN (включительно) и получает 2% кэшбэка - Примеры.Лимит кэшбэка. Пользователь получает кэшбэк 2% на месячный оборот до 500 AZN и 1% кэшбэка на оборот превышающий 500 AZN - Пользователь оплачивает <providerName> единовременно на сумму до 500 AZN (включительно) и получает 2% кэшбэка - Примеры - Пользователь оплачивает BAKCELL единовременно на сумму до 500 AZN (включительно) и получает 2% кэшбэка
Образование - Пользователь может посмотреть информацию о статусе собственного абонентского счета по <providerName> и оплатить его - Примеры.Образование - Пользователь может посмотреть информацию о статусе собственного абонентского счета по <providerName> и оплатить его - Примеры - Пользователь может посмотреть информацию о статусе собственного абонентского счета по LANDAU_SCHOOL и оплатить его
Лимит кэшбэка. Пользователь получает кэшбэк 2% на месячный оборот до 500 AZN и 1% кэшбэка на оборот превышающий 500 AZN - Пользователь оплачивает <providerName> на сумму свыше 500 AZN в две оплаты и получает 2% кэшбэка на сумму - Примеры.Лимит кэшбэка. Пользователь получает кэшбэк 2% на месячный оборот до 500 AZN и 1% кэшбэка на оборот превышающий 500 AZN - Пользователь оплачивает <providerName> на сумму свыше 500 AZN в две оплаты и получает 2% кэшбэка на сумму - Примеры - Пользователь оплачивает HOP на сумму свыше 500 AZN в две оплаты и получает 2% кэшбэка на сумму
Лимит кэшбэка. Пользователь получает кэшбэк 2% на месячный оборот до 500 AZN и 1% кэшбэка на оборот превышающий 500 AZN - Пользователь оплачивает <providerName> на сумму до и свыше 500 AZN единовременно и получает 0% кэшбэка - Примеры.Лимит кэшбэка. Пользователь получает кэшбэк 2% на месячный оборот до 500 AZN и 1% кэшбэка на оборот превышающий 500 AZN - Пользователь оплачивает <providerName> на сумму до и свыше 500 AZN единовременно и получает 0% кэшбэка - Примеры - Пользователь оплачивает HOMM_LIFE на сумму до и свыше 500 AZN единовременно и получает 0% кэшбэка
Банковские услуги - Получение списка атрибутов провайдера <providerName>. Провайдер категории "Банковские услуги" - Примеры.Банковские услуги - Получение списка атрибутов провайдера <providerName>. Провайдер категории "Банковские услуги" - Примеры - Получение списка атрибутов провайдера TURAN. Провайдер категории "Банковские услуги"
Лимит кэшбэка. Пользователь получает кэшбэк 2% на месячный оборот до 500 AZN и 1% кэшбэка на оборот превышающий 500 AZN - Пользователь оплачивает <providerName> единовременно на сумму до 500 AZN (включительно) и получает 2% кэшбэка - Примеры.Лимит кэшбэка. Пользователь получает кэшбэк 2% на месячный оборот до 500 AZN и 1% кэшбэка на оборот превышающий 500 AZN - Пользователь оплачивает <providerName> единовременно на сумму до 500 AZN (включительно) и получает 2% кэшбэка - Примеры - Пользователь оплачивает HOP единовременно на сумму до 500 AZN (включительно) и получает 2% кэшбэка
Коммунальные услуги - Пользователь получает ошибку при вводе невалидных данных для check запроса - <providerName> - Примеры.Коммунальные услуги - Пользователь получает ошибку при вводе невалидных данных для check запроса - <providerName> - Примеры - Пользователь получает ошибку при вводе невалидных данных для check запроса - NAXCIVAN_SU
Лимит кэшбэка. Пользователь получает кэшбэк 2% на месячный оборот до 500 AZN и 1% кэшбэка на оборот превышающий 500 AZN - Пользователь оплачивает <providerName> на сумму свыше 500 AZN в две оплаты и получает 2% кэшбэка на сумму - Примеры.Лимит кэшбэка. Пользователь получает кэшбэк 2% на месячный оборот до 500 AZN и 1% кэшбэка на оборот превышающий 500 AZN - Пользователь оплачивает <providerName> на сумму свыше 500 AZN в две оплаты и получает 2% кэшбэка на сумму - Примеры - Пользователь оплачивает BAKTELECOM на сумму свыше 500 AZN в две оплаты и получает 2% кэшбэка на сумму
Пользователь может перевести деньги с одного кошелька m10 другому пользователю на кошелек m10 - Пользователь может прочитать комментарий к переводу <comment> - Примеры.Пользователь может перевести деньги с одного кошелька m10 другому пользователю на кошелек m10 - Пользователь может прочитать комментарий к переводу <comment> - Примеры - Пользователь может прочитать комментарий к переводу Do you speak English?
Тотализатор - Пользователь получает ошибку при вводе невалидных данных для check запроса - <providerName> - Примеры.Тотализатор - Пользователь получает ошибку при вводе невалидных данных для check запроса - <providerName> - Примеры - Пользователь получает ошибку при вводе невалидных данных для check запроса - MISLIAZ
Паркинг - Получение списка провайдеров для категории "Паркинг" - Примеры.Паркинг - Получение списка провайдеров для категории "Паркинг" - Примеры - Получение списка провайдеров для категории "Паркинг"
Лимит кэшбэка. Пользователь получает кэшбэк 2% на месячный оборот до 500 AZN и 1% кэшбэка на оборот превышающий 500 AZN - Пользователь оплачивает <providerName> на сумму свыше 500 AZN единовременно и получает 1% кэшбэка - Примеры.Лимит кэшбэка. Пользователь получает кэшбэк 2% на месячный оборот до 500 AZN и 1% кэшбэка на оборот превышающий 500 AZN - Пользователь оплачивает <providerName> на сумму свыше 500 AZN единовременно и получает 1% кэшбэка - Примеры - Пользователь оплачивает AILETV на сумму свыше 500 AZN единовременно и получает 1% кэшбэка
Жилищно-строительный кооператив - Пользователь получает ошибку при вводе невалидных данных для check запроса - <providerName> - Примеры.Жилищно-строительный кооператив - Пользователь получает ошибку при вводе невалидных данных для check запроса - <providerName> - Примеры - Пользователь получает ошибку при вводе невалидных данных для check запроса - KNIGHTS_BRIDGE_UTILITIES
Телефон - Пользователь получает ошибку при вводе невалидных данных для check запроса - <providerName> - Примеры.Телефон - Пользователь получает ошибку при вводе невалидных данных для check запроса - <providerName> - Примеры - Пользователь получает ошибку при вводе невалидных данных для check запроса - AZEUROTEL
Коммунальные услуги - Пользователь получает ошибку при вводе невалидных данных для check запроса - <providerName> - Примеры.Коммунальные услуги - Пользователь получает ошибку при вводе невалидных данных для check запроса - <providerName> - Примеры - Пользователь получает ошибку при вводе невалидных данных для check запроса - NAXCIVAN_ELEKTRIK
Банковские услуги - Получение списка атрибутов провайдера <providerName>. Провайдер категории "Банковские услуги" - Примеры.Банковские услуги - Получение списка атрибутов провайдера <providerName>. Провайдер категории "Банковские услуги" - Примеры - Получение списка атрибутов провайдера TURAN. Провайдер категории "Банковские услуги"
Интернет - Пользователь получает ошибку при вводе невалидных данных для check запроса - <providerName> - Примеры.Интернет - Пользователь получает ошибку при вводе невалидных данных для check запроса - <providerName> - Примеры - Пользователь получает ошибку при вводе невалидных данных для check запроса - AZNET
Сеть магазинов Э-коммерция - Пользователь получает ошибку при вводе невалидных данных для check запроса - <providerName> - Примеры.Сеть магазинов Э-коммерция - Пользователь получает ошибку при вводе невалидных данных для check запроса - <providerName> - Примеры - Пользователь получает ошибку при вводе невалидных данных для check запроса - TEXNOMARKET
Государственные платежи - Получение списка атрибутов провайдера <providerName>. Провайдер категории "Государственные платежи" - Примеры.Государственные платежи - Получение списка атрибутов провайдера <providerName>. Провайдер категории "Государственные платежи" - Примеры - Получение списка атрибутов провайдера DYP. Провайдер категории "Государственные платежи"
Паркинг - Пользователь может посмотреть информацию о статусе собственного абонентского счета по <providerName> и оплатить его - Примеры.Паркинг - Пользователь может посмотреть информацию о статусе собственного абонентского счета по <providerName> и оплатить его - Примеры - Пользователь может посмотреть информацию о статусе собственного абонентского счета по AZPARKING и оплатить его
Агентская сеть - Получение списка провайдеров для категории "Агентская сеть" - Примеры.Агентская сеть - Получение списка провайдеров для категории "Агентская сеть" - Примеры - Получение списка провайдеров для категории "Агентская сеть"
Банковские услуги - Получение списка атрибутов провайдера по названию категории "Банковские услуги" - Примеры.Банковские услуги - Получение списка атрибутов провайдера по названию категории "Банковские услуги" - Примеры - Получение списка атрибутов провайдера по названию категории "Банковские услуги"
Образование - Получение списка атрибутов провайдера <providerName>. Провайдер категории "Образование" - Примеры.Образование - Получение списка атрибутов провайдера <providerName>. Провайдер категории "Образование" - Примеры - Получение списка атрибутов провайдера LANDAU_SCHOOL. Провайдер категории "Образование"
Страхование - Получение списка провайдеров для категории "Страхование" - Примеры.Страхование - Получение списка провайдеров для категории "Страхование" - Примеры - Получение списка провайдеров для категории "Страхование"
Кабельное ТВ - Пользователь получает ошибку при вводе невалидных данных для check запроса - <providerName> - Примеры.Кабельное ТВ - Пользователь получает ошибку при вводе невалидных данных для check запроса - <providerName> - Примеры - Пользователь получает ошибку при вводе невалидных данных для check запроса - ULTEL_TV
Телефон - Получение списка провайдеров для категории "Телефон" - Примеры.Телефон - Получение списка провайдеров для категории "Телефон" - Примеры - Получение списка провайдеров для категории "Телефон"
Пользователь может перевести деньги с одного кошелька m10 другому пользователю на кошелек m10 - Пользователь может прочитать комментарий к переводу <comment> - Примеры.Пользователь может перевести деньги с одного кошелька m10 другому пользователю на кошелек m10 - Пользователь может прочитать комментарий к переводу <comment> - Примеры - Пользователь может прочитать комментарий к переводу Комментарий на кириллице!
Страхование - Пользователь может оплатить абонентский счет <providerName> по номеру паспорта - Примеры.Страхование - Пользователь может оплатить абонентский счет <providerName> по номеру паспорта - Примеры - Пользователь может оплатить абонентский счет ISB по номеру паспорта
Тотализатор - Пользователь может посмотреть информацию о статусе собственного абонентского счета по <providerName> и оплатить его - Примеры.Тотализатор - Пользователь может посмотреть информацию о статусе собственного абонентского счета по <providerName> и оплатить его - Примеры - Пользователь может посмотреть информацию о статусе собственного абонентского счета по TOPAZ_FAN_CLUB и оплатить его
Кабельное ТВ - Получение списка провайдеров для категории "Кабельное ТВ" - Примеры.Кабельное ТВ - Получение списка провайдеров для категории "Кабельное ТВ" - Примеры - Получение списка провайдеров для категории "Кабельное ТВ"
Лимит кэшбэка. Пользователь получает кэшбэк 2% на месячный оборот до 500 AZN и 1% кэшбэка на оборот превышающий 500 AZN - Пользователь оплачивает <providerName> на сумму до и свыше 500 AZN единовременно и получает 0% кэшбэка - Примеры.Лимит кэшбэка. Пользователь получает кэшбэк 2% на месячный оборот до 500 AZN и 1% кэшбэка на оборот превышающий 500 AZN - Пользователь оплачивает <providerName> на сумму до и свыше 500 AZN единовременно и получает 0% кэшбэка - Примеры - Пользователь оплачивает SOLITON на сумму до и свыше 500 AZN единовременно и получает 0% кэшбэка
Паркинг - Получение списка атрибутов провайдера по названию категории "Паркинг" - Примеры.Паркинг - Получение списка атрибутов провайдера по названию категории "Паркинг" - Примеры - Получение списка атрибутов провайдера по названию категории "Паркинг"
Телефон - Пользователь получает ошибку при вводе невалидных данных для check запроса - <providerName> - Примеры.Телефон - Пользователь получает ошибку при вводе невалидных данных для check запроса - <providerName> - Примеры - Пользователь получает ошибку при вводе невалидных данных для check запроса - ULTEL
Жилищно-строительный кооператив - Пользователь получает ошибку при вводе невалидных данных для check запроса - <providerName> - Примеры.Жилищно-строительный кооператив - Пользователь получает ошибку при вводе невалидных данных для check запроса - <providerName> - Примеры - Пользователь получает ошибку при вводе невалидных данных для check запроса - PORT_BAKU_UTILITIES
Коммунальные услуги - Пользователь получает ошибку при вводе невалидных данных для check запроса - <providerName> - Примеры.Коммунальные услуги - Пользователь получает ошибку при вводе невалидных данных для check запроса - <providerName> - Примеры - Пользователь получает ошибку при вводе невалидных данных для check запроса - AZERSU_CORPO
Банковские услуги - Получение списка атрибутов провайдера <providerName>. Провайдер категории "Банковские услуги" - Примеры.Банковские услуги - Получение списка атрибутов провайдера <providerName>. Провайдер категории "Банковские услуги" - Примеры - Получение списка атрибутов провайдера TURAN. Провайдер категории "Банковские услуги"
Сеть магазинов Э-коммерция - Пользователь получает ошибку при вводе невалидных данных для check запроса - <providerName> - Примеры.Сеть магазинов Э-коммерция - Пользователь получает ошибку при вводе невалидных данных для check запроса - <providerName> - Примеры - Пользователь получает ошибку при вводе невалидных данных для check запроса - KONTAKT_HOME
Интернет - Пользователь получает ошибку при вводе невалидных данных для check запроса - <providerName> - Примеры.Интернет - Пользователь получает ошибку при вводе невалидных данных для check запроса - <providerName> - Примеры - Пользователь получает ошибку при вводе невалидных данных для check запроса - ALFANET_FIBER_INTERNET
Банковские услуги - Получение списка атрибутов провайдера по названию категории "Банковские услуги" - Примеры.Банковские услуги - Получение списка атрибутов провайдера по названию категории "Банковские услуги" - Примеры - Получение списка атрибутов провайдера по названию категории "Банковские услуги"
Паркинг - Получение списка атрибутов провайдера <providerName>. Провайдер категории "Паркинг" - Примеры.Паркинг - Получение списка атрибутов провайдера <providerName>. Провайдер категории "Паркинг" - Примеры - Получение списка атрибутов провайдера AZPARKING. Провайдер категории "Паркинг"
Государственные платежи - Получение списка атрибутов провайдера по названию категории "Государственные платежи" - Примеры.Государственные платежи - Получение списка атрибутов провайдера по названию категории "Государственные платежи" - Примеры - Получение списка атрибутов провайдера по названию категории "Государственные платежи"
Агентская сеть - Получение списка провайдеров для категории "Агентская сеть" - Примеры.Агентская сеть - Получение списка провайдеров для категории "Агентская сеть" - Примеры - Получение списка провайдеров для категории "Агентская сеть"
Страхование - Получение списка атрибутов провайдера по названию категории "Страхование" - Примеры.Страхование - Получение списка атрибутов провайдера по названию категории "Страхование" - Примеры - Получение списка атрибутов провайдера по названию категории "Страхование"
Образование - Получение списка атрибутов провайдера <providerName>. Провайдер категории "Образование" - Примеры.Образование - Получение списка атрибутов провайдера <providerName>. Провайдер категории "Образование" - Примеры - Получение списка атрибутов провайдера LANDAU_SCHOOL. Провайдер категории "Образование"
Паркинг - Получение списка атрибутов провайдера по названию категории "Паркинг" - Примеры.Паркинг - Получение списка атрибутов провайдера по названию категории "Паркинг" - Примеры - Получение списка атрибутов провайдера по названию категории "Паркинг"
Кабельное ТВ - Получение списка провайдеров для категории "Кабельное ТВ" - Примеры.Кабельное ТВ - Получение списка провайдеров для категории "Кабельное ТВ" - Примеры - Получение списка провайдеров для категории "Кабельное ТВ"
Страхование - Пользователь может оплатить абонентский счет <providerName> по платежному коду - Примеры.Страхование - Пользователь может оплатить абонентский счет <providerName> по платежному коду - Примеры - Пользователь может оплатить абонентский счет ISB по платежному коду
Жилищно-строительный кооператив - Пользователь получает ошибку при вводе невалидных данных для check запроса - <providerName> - Примеры.Жилищно-строительный кооператив - Пользователь получает ошибку при вводе невалидных данных для check запроса - <providerName> - Примеры - Пользователь получает ошибку при вводе невалидных данных для check запроса - BILLING_PRO
Тотализатор - Пользователь может посмотреть информацию о статусе собственного абонентского счета по <providerName> и оплатить его - Примеры.Тотализатор - Пользователь может посмотреть информацию о статусе собственного абонентского счета по <providerName> и оплатить его - Примеры - Пользователь может посмотреть информацию о статусе собственного абонентского счета по ETOPAZ и оплатить его
Банковские услуги - Пользователь может посмотреть информацию о статусе собственного абонентского счета по <providerName> и оплатить его - Примеры.Банковские услуги - Пользователь может посмотреть информацию о статусе собственного абонентского счета по <providerName> и оплатить его - Примеры - Пользователь может посмотреть информацию о статусе собственного абонентского счета по AQRAR_KREDIT и оплатить его
Агентская сеть - Получение списка провайдеров для категории "Агентская сеть" - Примеры.Агентская сеть - Получение списка провайдеров для категории "Агентская сеть" - Примеры - Получение списка провайдеров для категории "Агентская сеть"
Коммунальные услуги - Пользователь получает ошибку при вводе невалидных данных для check запроса - <providerName> - Примеры.Коммунальные услуги - Пользователь получает ошибку при вводе невалидных данных для check запроса - <providerName> - Примеры - Пользователь получает ошибку при вводе невалидных данных для check запроса - AZERSU
Телефон - Пользователь получает ошибку при вводе невалидных данных для check запроса - <providerName> - Примеры.Телефон - Пользователь получает ошибку при вводе невалидных данных для check запроса - <providerName> - Примеры - Пользователь получает ошибку при вводе невалидных данных для check запроса - BAKTELECOM
Интернет - Пользователь получает ошибку при вводе невалидных данных для check запроса - <providerName> - Примеры.Интернет - Пользователь получает ошибку при вводе невалидных данных для check запроса - <providerName> - Примеры - Пользователь получает ошибку при вводе невалидных данных для check запроса - ALFANET_ADSL_INTERNET
Сеть магазинов Э-коммерция - Пользователь получает ошибку при вводе невалидных данных для check запроса - <providerName> - Примеры.Сеть магазинов Э-коммерция - Пользователь получает ошибку при вводе невалидных данных для check запроса - <providerName> - Примеры - Пользователь получает ошибку при вводе невалидных данных для check запроса - IRSHAD
Банковские услуги - Пользователь может посмотреть информацию о статусе собственного абонентского счета по <providerName> и оплатить его - Примеры.Банковские услуги - Пользователь может посмотреть информацию о статусе собственного абонентского счета по <providerName> и оплатить его - Примеры - Пользователь может посмотреть информацию о статусе собственного абонентского счета по AVTOTRADE_L и оплатить его
Страхование - Получение списка атрибутов провайдера по названию категории "Страхование" - Примеры.Страхование - Получение списка атрибутов провайдера по названию категории "Страхование" - Примеры - Получение списка атрибутов провайдера по названию категории "Страхование"
Лимит кэшбэка. Пользователь получает кэшбэк 2% на месячный оборот до 500 AZN и 1% кэшбэка на оборот превышающий 500 AZN - Пользователь оплачивает <providerName> на сумму свыше 500 AZN в две оплаты и получает 2% кэшбэка на сумму - Примеры.Лимит кэшбэка. Пользователь получает кэшбэк 2% на месячный оборот до 500 AZN и 1% кэшбэка на оборот превышающий 500 AZN - Пользователь оплачивает <providerName> на сумму свыше 500 AZN в две оплаты и получает 2% кэшбэка на сумму - Примеры - Пользователь оплачивает AZERISHIQ на сумму свыше 500 AZN в две оплаты и получает 2% кэшбэка на сумму
Лимит кэшбэка. Пользователь получает кэшбэк 2% на месячный оборот до 500 AZN и 1% кэшбэка на оборот превышающий 500 AZN - Пользователь оплачивает <providerName> на сумму свыше 500 AZN единовременно и получает 1% кэшбэка - Примеры.Лимит кэшбэка. Пользователь получает кэшбэк 2% на месячный оборот до 500 AZN и 1% кэшбэка на оборот превышающий 500 AZN - Пользователь оплачивает <providerName> на сумму свыше 500 AZN единовременно и получает 1% кэшбэка - Примеры - Пользователь оплачивает AILETV на сумму свыше 500 AZN единовременно и получает 1% кэшбэка
Лимит кэшбэка. Пользователь получает кэшбэк 2% на месячный оборот до 500 AZN и 1% кэшбэка на оборот превышающий 500 AZN - Пользователь оплачивает <providerName> на сумму свыше 500 AZN в две оплаты и получает 2% кэшбэка на сумму - Примеры.Лимит кэшбэка. Пользователь получает кэшбэк 2% на месячный оборот до 500 AZN и 1% кэшбэка на оборот превышающий 500 AZN - Пользователь оплачивает <providerName> на сумму свыше 500 AZN в две оплаты и получает 2% кэшбэка на сумму - Примеры - Пользователь оплачивает AILE_TV на сумму свыше 500 AZN в две оплаты и получает 2% кэшбэка на сумму
Лимит кэшбэка. Пользователь получает кэшбэк 2% на месячный оборот до 500 AZN и 1% кэшбэка на оборот превышающий 500 AZN - Пользователь оплачивает <providerName> на сумму до и свыше 500 AZN единовременно и получает 0% кэшбэка - Примеры.Лимит кэшбэка. Пользователь получает кэшбэк 2% на месячный оборот до 500 AZN и 1% кэшбэка на оборот превышающий 500 AZN - Пользователь оплачивает <providerName> на сумму до и свыше 500 AZN единовременно и получает 0% кэшбэка - Примеры - Пользователь оплачивает LANDAU_SCHOOL на сумму до и свыше 500 AZN единовременно и получает 0% кэшбэка
Образование - Получение списка атрибутов провайдера <providerName>. Провайдер категории "Образование" - Примеры.Образование - Получение списка атрибутов провайдера <providerName>. Провайдер категории "Образование" - Примеры - Получение списка атрибутов провайдера LANDAU_SCHOOL. Провайдер категории "Образование"
Государственные платежи - Получение списка атрибутов провайдера по названию категории "Государственные платежи" - Примеры.Государственные платежи - Получение списка атрибутов провайдера по названию категории "Государственные платежи" - Примеры - Получение списка атрибутов провайдера по названию категории "Государственные платежи"
Паркинг - Получение списка атрибутов провайдера <providerName>. Провайдер категории "Паркинг" - Примеры.Паркинг - Получение списка атрибутов провайдера <providerName>. Провайдер категории "Паркинг" - Примеры - Получение списка атрибутов провайдера AZPARKING. Провайдер категории "Паркинг"
Кабельное ТВ - Получение списка провайдеров для категории "Кабельное ТВ" - Примеры.Кабельное ТВ - Получение списка провайдеров для категории "Кабельное ТВ" - Примеры - Получение списка провайдеров для категории "Кабельное ТВ"
Паркинг - Получение списка атрибутов провайдера по названию категории "Паркинг" - Примеры.Паркинг - Получение списка атрибутов провайдера по названию категории "Паркинг" - Примеры - Получение списка атрибутов провайдера по названию категории "Паркинг"
Банковские услуги - Пользователь получает ошибку при вводе невалидных данных для check запроса - <providerName> - Примеры.Банковские услуги - Пользователь получает ошибку при вводе невалидных данных для check запроса - <providerName> - Примеры - Пользователь получает ошибку при вводе невалидных данных для check запроса - EFFEKT_INVEST_BOKT
Страхование - Получение списка атрибутов по названию провайдера. Провайдер категории "Страхование" - Примеры.Страхование - Получение списка атрибутов по названию провайдера. Провайдер категории "Страхование" - Примеры - Получение списка атрибутов по названию провайдера. Провайдер категории "Страхование"
Жилищно-строительный кооператив - Пользователь может посмотреть информацию о статусе собственного абонентского счета по <providerName> и оплатить его - Примеры.Жилищно-строительный кооператив - Пользователь может посмотреть информацию о статусе собственного абонентского счета по <providerName> и оплатить его - Примеры - Пользователь может посмотреть информацию о статусе собственного абонентского счета по KNIGHTS_BRIDGE_CREDIT и оплатить его
Банковские услуги - Пользователь может посмотреть информацию о статусе собственного абонентского счета по <providerName> и оплатить его - Примеры.Банковские услуги - Пользователь может посмотреть информацию о статусе собственного абонентского счета по <providerName> и оплатить его - Примеры - Пользователь может посмотреть информацию о статусе собственного абонентского счета по BOA и оплатить его
Тотализатор - Пользователь может посмотреть информацию о статусе собственного абонентского счета по <providerName> и оплатить его - Примеры.Тотализатор - Пользователь может посмотреть информацию о статусе собственного абонентского счета по <providerName> и оплатить его - Примеры - Пользователь может посмотреть информацию о статусе собственного абонентского счета по MISLIAZ и оплатить его
Коммунальные услуги - Пользователь получает ошибку при вводе невалидных данных для check запроса - <providerName> - Примеры.Коммунальные услуги - Пользователь получает ошибку при вводе невалидных данных для check запроса - <providerName> - Примеры - Пользователь получает ошибку при вводе невалидных данных для check запроса - AZERIGAZ_PARNIK
Агентская сеть - Получение списка атрибутов провайдера по названию категории "Агентская сеть" - Примеры.Агентская сеть - Получение списка атрибутов провайдера по названию категории "Агентская сеть" - Примеры - Получение списка атрибутов провайдера по названию категории "Агентская сеть"
Телефон - Получение списка атрибутов провайдера <providerName>. Провайдер категории "Телефон" - Примеры.Телефон - Получение списка атрибутов провайдера <providerName>. Провайдер категории "Телефон" - Примеры - Получение списка атрибутов провайдера AZEUROTEL. Провайдер категории "Телефон"
Интернет - Пользователь получает ошибку при вводе невалидных данных для check запроса - <providerName> - Примеры.Интернет - Пользователь получает ошибку при вводе невалидных данных для check запроса - <providerName> - Примеры - Пользователь получает ошибку при вводе невалидных данных для check запроса - BULUD_TELEKOM
Кабельное ТВ - Пользователь получает ошибку при вводе невалидных данных для check запроса - <providerName> - Примеры.Кабельное ТВ - Пользователь получает ошибку при вводе невалидных данных для check запроса - <providerName> - Примеры - Пользователь получает ошибку при вводе невалидных данных для check запроса - KATV_TV
Банковские услуги - Пользователь может посмотреть информацию о статусе собственного абонентского счета по <providerName> и оплатить его - Примеры.Банковские услуги - Пользователь может посмотреть информацию о статусе собственного абонентского счета по <providerName> и оплатить его - Примеры - Пользователь может посмотреть информацию о статусе собственного абонентского счета по EFFEKT_INVEST_BOKT и оплатить его
Сеть магазинов Э-коммерция - Пользователь получает ошибку при вводе невалидных данных для check запроса - <providerName> - Примеры.Сеть магазинов Э-коммерция - Пользователь получает ошибку при вводе невалидных данных для check запроса - <providerName> - Примеры - Пользователь получает ошибку при вводе невалидных данных для check запроса - WORLD_TELECOM
Телефон - Получение списка провайдеров для категории "Телефон" - Примеры.Телефон - Получение списка провайдеров для категории "Телефон" - Примеры - Получение списка провайдеров для категории "Телефон"
Страхование - Получение списка атрибутов провайдера по названию категории "Страхование" - Примеры.Страхование - Получение списка атрибутов провайдера по названию категории "Страхование" - Примеры - Получение списка атрибутов провайдера по названию категории "Страхование"
Пользователь может перевести деньги с одного кошелька m10 другому пользователю на кошелек m10.Пользователь может перевести деньги с одного кошелька m10 другому пользователю на кошелек m10 - Пользователь не может перевести средства с нулевым балансом, когда средства находятся на удержании
Лимит кэшбэка. Пользователь получает кэшбэк 2% на месячный оборот до 500 AZN и 1% кэшбэка на оборот превышающий 500 AZN - Пользователь оплачивает <providerName> на сумму свыше 500 AZN единовременно и получает 1% кэшбэка - Примеры.Лимит кэшбэка. Пользователь получает кэшбэк 2% на месячный оборот до 500 AZN и 1% кэшбэка на оборот превышающий 500 AZN - Пользователь оплачивает <providerName> на сумму свыше 500 AZN единовременно и получает 1% кэшбэка - Примеры - Пользователь оплачивает AZERISHIQ на сумму свыше 500 AZN единовременно и получает 1% кэшбэка
Образование - Получение списка атрибутов провайдера по названию категории "Образование" - Примеры.Образование - Получение списка атрибутов провайдера по названию категории "Образование" - Примеры - Получение списка атрибутов провайдера по названию категории "Образование"
Лимит кэшбэка. Пользователь получает кэшбэк 2% на месячный оборот до 500 AZN и 1% кэшбэка на оборот превышающий 500 AZN - Пользователь оплачивает <providerName> на сумму до и свыше 500 AZN единовременно и получает 0% кэшбэка - Примеры.Лимит кэшбэка. Пользователь получает кэшбэк 2% на месячный оборот до 500 AZN и 1% кэшбэка на оборот превышающий 500 AZN - Пользователь оплачивает <providerName> на сумму до и свыше 500 AZN единовременно и получает 0% кэшбэка - Примеры - Пользователь оплачивает UNIBANK на сумму до и свыше 500 AZN единовременно и получает 0% кэшбэка
Лимит кэшбэка. Пользователь получает кэшбэк 2% на месячный оборот до 500 AZN и 1% кэшбэка на оборот превышающий 500 AZN - Пользователь оплачивает <providerName> на сумму свыше 500 AZN единовременно и получает 1% кэшбэка - Примеры.Лимит кэшбэка. Пользователь получает кэшбэк 2% на месячный оборот до 500 AZN и 1% кэшбэка на оборот превышающий 500 AZN - Пользователь оплачивает <providerName> на сумму свыше 500 AZN единовременно и получает 1% кэшбэка - Примеры - Пользователь оплачивает HOP на сумму свыше 500 AZN единовременно и получает 1% кэшбэка
Паркинг - Получение списка атрибутов провайдера <providerName>. Провайдер категории "Паркинг" - Примеры.Паркинг - Получение списка атрибутов провайдера <providerName>. Провайдер категории "Паркинг" - Примеры - Получение списка атрибутов провайдера AZPARKING. Провайдер категории "Паркинг"
Государственные платежи - Получение списка атрибутов провайдера по названию категории "Государственные платежи" - Примеры.Государственные платежи - Получение списка атрибутов провайдера по названию категории "Государственные платежи" - Примеры - Получение списка атрибутов провайдера по названию категории "Государственные платежи"
Лимит кэшбэка. Пользователь получает кэшбэк 2% на месячный оборот до 500 AZN и 1% кэшбэка на оборот превышающий 500 AZN - Пользователь оплачивает <providerName> на сумму до и свыше 500 AZN единовременно и получает 0% кэшбэка - Примеры.Лимит кэшбэка. Пользователь получает кэшбэк 2% на месячный оборот до 500 AZN и 1% кэшбэка на оборот превышающий 500 AZN - Пользователь оплачивает <providerName> на сумму до и свыше 500 AZN единовременно и получает 0% кэшбэка - Примеры - Пользователь оплачивает LANDAU_SCHOOL на сумму до и свыше 500 AZN единовременно и получает 0% кэшбэка
Кабельное ТВ - Получение списка атрибутов провайдера по названию категории "Кабельное ТВ" - Примеры.Кабельное ТВ - Получение списка атрибутов провайдера по названию категории "Кабельное ТВ" - Примеры - Получение списка атрибутов провайдера по названию категории "Кабельное ТВ"
Банковские услуги - Пользователь получает ошибку при вводе невалидных данных для check запроса - <providerName> - Примеры.Банковские услуги - Пользователь получает ошибку при вводе невалидных данных для check запроса - <providerName> - Примеры - Пользователь получает ошибку при вводе невалидных данных для check запроса - CASPIAN_BOKT
Страхование - Получение списка атрибутов по названию провайдера. Провайдер категории "Страхование" - Примеры.Страхование - Получение списка атрибутов по названию провайдера. Провайдер категории "Страхование" - Примеры - Получение списка атрибутов по названию провайдера. Провайдер категории "Страхование"
Жилищно-строительный кооператив - Пользователь может посмотреть информацию о статусе собственного абонентского счета по <providerName> и оплатить его - Примеры.Жилищно-строительный кооператив - Пользователь может посмотреть информацию о статусе собственного абонентского счета по <providerName> и оплатить его - Примеры - Пользователь может посмотреть информацию о статусе собственного абонентского счета по KNIGHTS_BRIDGE_UTILITIES и оплатить его
Лимит кэшбэка. Пользователь получает кэшбэк 2% на месячный оборот до 500 AZN и 1% кэшбэка на оборот превышающий 500 AZN - Пользователь оплачивает <providerName> на сумму до и свыше 500 AZN единовременно и получает 0% кэшбэка - Примеры.Лимит кэшбэка. Пользователь получает кэшбэк 2% на месячный оборот до 500 AZN и 1% кэшбэка на оборот превышающий 500 AZN - Пользователь оплачивает <providerName> на сумму до и свыше 500 AZN единовременно и получает 0% кэшбэка - Примеры - Пользователь оплачивает ASEL на сумму до и свыше 500 AZN единовременно и получает 0% кэшбэка
Тотализатор - Получение списка атрибутов провайдера <providerName>. Провайдер категории "Тотализатор" - Примеры.Тотализатор - Получение списка атрибутов провайдера <providerName>. Провайдер категории "Тотализатор" - Примеры - Получение списка атрибутов провайдера MISLIAZ. Провайдер категории "Тотализатор"
Банковские услуги - Пользователь может посмотреть информацию о статусе собственного абонентского счета по <providerName> и оплатить его - Примеры.Банковские услуги - Пользователь может посмотреть информацию о статусе собственного абонентского счета по <providerName> и оплатить его - Примеры - Пользователь может посмотреть информацию о статусе собственного абонентского счета по ASET_BOKT и оплатить его
Коммунальные услуги - Пользователь получает ошибку при вводе невалидных данных для check запроса - <providerName> - Примеры.Коммунальные услуги - Пользователь получает ошибку при вводе невалидных данных для check запроса - <providerName> - Примеры - Пользователь получает ошибку при вводе невалидных данных для check запроса - AZERIGAZ_CORPO
Телефон - Получение списка атрибутов провайдера <providerName>. Провайдер категории "Телефон" - Примеры.Телефон - Получение списка атрибутов провайдера <providerName>. Провайдер категории "Телефон" - Примеры - Получение списка атрибутов провайдера AZEUROTEL. Провайдер категории "Телефон"
Агентская сеть - Получение списка атрибутов провайдера по названию категории "Агентская сеть" - Примеры.Агентская сеть - Получение списка атрибутов провайдера по названию категории "Агентская сеть" - Примеры - Получение списка атрибутов провайдера по названию категории "Агентская сеть"
Интернет - Пользователь получает ошибку при вводе невалидных данных для check запроса - <providerName> - Примеры.Интернет - Пользователь получает ошибку при вводе невалидных данных для check запроса - <providerName> - Примеры - Пользователь получает ошибку при вводе невалидных данных для check запроса - TURK_TELEKOM
Банковские услуги - Пользователь может посмотреть информацию о статусе собственного абонентского счета по <providerName> и оплатить его - Примеры.Банковские услуги - Пользователь может посмотреть информацию о статусе собственного абонентского счета по <providerName> и оплатить его - Примеры - Пользователь может посмотреть информацию о статусе собственного абонентского счета по CASPIAN_BOKT и оплатить его
Сеть магазинов Э-коммерция - Пользователь получает ошибку при вводе невалидных данных для check запроса - <providerName> - Примеры.Сеть магазинов Э-коммерция - Пользователь получает ошибку при вводе невалидных данных для check запроса - <providerName> - Примеры - Пользователь получает ошибку при вводе невалидных данных для check запроса - SOLITON
Кабельное ТВ - Пользователь получает ошибку при вводе невалидных данных для check запроса - <providerName> - Примеры.Кабельное ТВ - Пользователь получает ошибку при вводе невалидных данных для check запроса - <providerName> - Примеры - Пользователь получает ошибку при вводе невалидных данных для check запроса - BAKTELECOM_TV
Телефон - Получение списка атрибутов провайдера по названию категории "Телефон" - Примеры.Телефон - Получение списка атрибутов провайдера по названию категории "Телефон" - Примеры - Получение списка атрибутов провайдера по названию категории "Телефон"
Страхование - Получение списка атрибутов по названию провайдера. Провайдер категории "Страхование" - Примеры.Страхование - Получение списка атрибутов по названию провайдера. Провайдер категории "Страхование" - Примеры - Получение списка атрибутов по названию провайдера. Провайдер категории "Страхование"
Получение списка "Моих платежей" пользователя - Проверка работы сервиса при нетипичных запросах на получение списка "Мои платежи" - Примеры.Получение списка "Моих платежей" пользователя - Проверка работы сервиса при нетипичных запросах на получение списка "Мои платежи" - Примеры - Проверка работы сервиса при нетипичных запросах на получение списка "Мои платежи"
Получение списка "Моих платежей" пользователя - Проверка работы сервиса при нетипичных запросах на получение списка "Мои платежи" - Примеры.Получение списка "Моих платежей" пользователя - Проверка работы сервиса при нетипичных запросах на получение списка "Мои платежи" - Примеры - Проверка работы сервиса при нетипичных запросах на получение списка "Мои платежи"
Пользователь может перевести деньги с одного кошелька m10 другому пользователю на кошелек m10.Пользователь может перевести деньги с одного кошелька m10 другому пользователю на кошелек m10 - Перевод с кошелька m10 на кошелек m10 c чужим account id
Получение списка "Моих платежей" пользователя - Проверка работы сервиса при нетипичных запросах на получение списка "Мои платежи" - Примеры.Получение списка "Моих платежей" пользователя - Проверка работы сервиса при нетипичных запросах на получение списка "Мои платежи" - Примеры - Проверка работы сервиса при нетипичных запросах на получение списка "Мои платежи"
Получение списка "Моих платежей" пользователя - Проверка работы сервиса при нетипичных запросах на получение списка "Мои платежи" - Примеры.Получение списка "Моих платежей" пользователя - Проверка работы сервиса при нетипичных запросах на получение списка "Мои платежи" - Примеры - Проверка работы сервиса при нетипичных запросах на получение списка "Мои платежи"
Получение списка "Моих платежей" пользователя - Проверка работы сервиса при нетипичных запросах на получение списка "Мои платежи" - Примеры.Получение списка "Моих платежей" пользователя - Проверка работы сервиса при нетипичных запросах на получение списка "Мои платежи" - Примеры - Проверка работы сервиса при нетипичных запросах на получение списка "Мои платежи"
Получение списка "Моих платежей" пользователя - Проверка работы сервиса при нетипичных запросах на получение списка "Мои платежи" - Примеры.Получение списка "Моих платежей" пользователя - Проверка работы сервиса при нетипичных запросах на получение списка "Мои платежи" - Примеры - Проверка работы сервиса при нетипичных запросах на получение списка "Мои платежи"
Получение списка "Моих платежей" пользователя - Проверка работы сервиса при нетипичных запросах на получение списка "Мои платежи" - Примеры.Получение списка "Моих платежей" пользователя - Проверка работы сервиса при нетипичных запросах на получение списка "Мои платежи" - Примеры - Проверка работы сервиса при нетипичных запросах на получение списка "Мои платежи"
Получение списка "Моих платежей" пользователя - Проверка работы сервиса при нетипичных запросах на получение списка "Мои платежи" - Примеры.Получение списка "Моих платежей" пользователя - Проверка работы сервиса при нетипичных запросах на получение списка "Мои платежи" - Примеры - Проверка работы сервиса при нетипичных запросах на получение списка "Мои платежи"
Получение списка "Моих платежей" пользователя - Проверка работы сервиса при нетипичных запросах на получение списка "Мои платежи" - Примеры.Получение списка "Моих платежей" пользователя - Проверка работы сервиса при нетипичных запросах на получение списка "Мои платежи" - Примеры - Проверка работы сервиса при нетипичных запросах на получение списка "Мои платежи"
Получение списка "Моих платежей" пользователя - Проверка работы сервиса при нетипичных запросах изменения "Мои платежи" - Примеры.Получение списка "Моих платежей" пользователя - Проверка работы сервиса при нетипичных запросах изменения "Мои платежи" - Примеры - Проверка работы сервиса при нетипичных запросах изменения "Мои платежи"
Получение списка "Моих платежей" пользователя - Проверка работы сервиса при нетипичных запросах изменения "Мои платежи" - Примеры.Получение списка "Моих платежей" пользователя - Проверка работы сервиса при нетипичных запросах изменения "Мои платежи" - Примеры - Проверка работы сервиса при нетипичных запросах изменения "Мои платежи"
Образование - Получение списка атрибутов провайдера по названию категории "Образование" - Примеры.Образование - Получение списка атрибутов провайдера по названию категории "Образование" - Примеры - Получение списка атрибутов провайдера по названию категории "Образование"
Получение списка "Моих платежей" пользователя - Проверка работы сервиса при нетипичных запросах изменения "Мои платежи" - Примеры.Получение списка "Моих платежей" пользователя - Проверка работы сервиса при нетипичных запросах изменения "Мои платежи" - Примеры - Проверка работы сервиса при нетипичных запросах изменения "Мои платежи"
Государственные платежи - Получение списка провайдеров для категории "Государственные платежи" - Примеры.Государственные платежи - Получение списка провайдеров для категории "Государственные платежи" - Примеры - Получение списка провайдеров для категории "Государственные платежи"
Получение категорий от MillionPayments - Надпись кэшбэка <expectedCashbackSing> отображается напротив каждой категории, по которой - Примеры.Получение категорий от MillionPayments - Надпись кэшбэка <expectedCashbackSing> отображается напротив каждой категории, по которой - Примеры - Надпись кэшбэка 2% отображается напротив каждой категории, по которой
Лимит кэшбэка. Пользователь получает кэшбэк 2% на месячный оборот до 500 AZN и 1% кэшбэка на оборот превышающий 500 AZN - Пользователь оплачивает <providerName> на сумму свыше 500 AZN единовременно и получает 1% кэшбэка - Примеры.Лимит кэшбэка. Пользователь получает кэшбэк 2% на месячный оборот до 500 AZN и 1% кэшбэка на оборот превышающий 500 AZN - Пользователь оплачивает <providerName> на сумму свыше 500 AZN единовременно и получает 1% кэшбэка - Примеры - Пользователь оплачивает AZERISHIQ на сумму свыше 500 AZN единовременно и получает 1% кэшбэка
Получение списка "Моих платежей" пользователя - Проверка работы сервиса при нетипичных запросах изменения "Мои платежи" - Примеры.Получение списка "Моих платежей" пользователя - Проверка работы сервиса при нетипичных запросах изменения "Мои платежи" - Примеры - Проверка работы сервиса при нетипичных запросах изменения "Мои платежи"
Получение списка "Моих платежей" пользователя - Проверка работы сервиса при нетипичных запросах изменения "Мои платежи" - Примеры.Получение списка "Моих платежей" пользователя - Проверка работы сервиса при нетипичных запросах изменения "Мои платежи" - Примеры - Проверка работы сервиса при нетипичных запросах изменения "Мои платежи"
Лимит кэшбэка. Пользователь получает кэшбэк 2% на месячный оборот до 500 AZN и 1% кэшбэка на оборот превышающий 500 AZN - Пользователь оплачивает <providerName> на сумму до и свыше 500 AZN единовременно и получает 0% кэшбэка - Примеры.Лимит кэшбэка. Пользователь получает кэшбэк 2% на месячный оборот до 500 AZN и 1% кэшбэка на оборот превышающий 500 AZN - Пользователь оплачивает <providerName> на сумму до и свыше 500 AZN единовременно и получает 0% кэшбэка - Примеры - Пользователь оплачивает ISB на сумму до и свыше 500 AZN единовременно и получает 0% кэшбэка
Лимит кэшбэка. Пользователь получает кэшбэк 2% на месячный оборот до 500 AZN и 1% кэшбэка на оборот превышающий 500 AZN - Пользователь оплачивает <providerName> на сумму свыше 500 AZN единовременно и получает 1% кэшбэка - Примеры.Лимит кэшбэка. Пользователь получает кэшбэк 2% на месячный оборот до 500 AZN и 1% кэшбэка на оборот превышающий 500 AZN - Пользователь оплачивает <providerName> на сумму свыше 500 AZN единовременно и получает 1% кэшбэка - Примеры - Пользователь оплачивает HOP на сумму свыше 500 AZN единовременно и получает 1% кэшбэка
Получение списка "Моих платежей" пользователя - Проверка работы сервиса при нетипичных запросах изменения "Мои платежи" - Примеры.Получение списка "Моих платежей" пользователя - Проверка работы сервиса при нетипичных запросах изменения "Мои платежи" - Примеры - Проверка работы сервиса при нетипичных запросах изменения "Мои платежи"
Получение списка "Моих платежей" пользователя - Проверка работы сервиса при нетипичных запросах изменения "Мои платежи" - Примеры.Получение списка "Моих платежей" пользователя - Проверка работы сервиса при нетипичных запросах изменения "Мои платежи" - Примеры - Проверка работы сервиса при нетипичных запросах изменения "Мои платежи"
Получение списка "Моих платежей" пользователя - Проверка работы сервиса при нетипичных запросах изменения "Мои платежи" - Примеры.Получение списка "Моих платежей" пользователя - Проверка работы сервиса при нетипичных запросах изменения "Мои платежи" - Примеры - Проверка работы сервиса при нетипичных запросах изменения "Мои платежи"
Получение списка "Моих платежей" пользователя - Проверка работы сервиса при нетипичных запросах изменения "Мои платежи" - Примеры.Получение списка "Моих платежей" пользователя - Проверка работы сервиса при нетипичных запросах изменения "Мои платежи" - Примеры - Проверка работы сервиса при нетипичных запросах изменения "Мои платежи"
Получение списка "Моих платежей" пользователя - Проверка работы сервиса при нетипичных запросах удаления "Мои платежи" - Примеры.Получение списка "Моих платежей" пользователя - Проверка работы сервиса при нетипичных запросах удаления "Мои платежи" - Примеры - Проверка работы сервиса при нетипичных запросах удаления "Мои платежи"
Получение списка "Моих платежей" пользователя - Проверка работы сервиса при нетипичных запросах удаления "Мои платежи" - Примеры.Получение списка "Моих платежей" пользователя - Проверка работы сервиса при нетипичных запросах удаления "Мои платежи" - Примеры - Проверка работы сервиса при нетипичных запросах удаления "Мои платежи"
Получение списка "Моих платежей" пользователя - Проверка работы сервиса при нетипичных запросах удаления "Мои платежи" - Примеры.Получение списка "Моих платежей" пользователя - Проверка работы сервиса при нетипичных запросах удаления "Мои платежи" - Примеры - Проверка работы сервиса при нетипичных запросах удаления "Мои платежи"
Получение списка "Моих платежей" пользователя - Проверка работы сервиса при нетипичных запросах удаления "Мои платежи" - Примеры.Получение списка "Моих платежей" пользователя - Проверка работы сервиса при нетипичных запросах удаления "Мои платежи" - Примеры - Проверка работы сервиса при нетипичных запросах удаления "Мои платежи"
Лимит кэшбэка. Пользователь получает кэшбэк 2% на месячный оборот до 500 AZN и 1% кэшбэка на оборот превышающий 500 AZN - Пользователь оплачивает <providerName> на сумму до и свыше 500 AZN единовременно и получает 0% кэшбэка - Примеры.Лимит кэшбэка. Пользователь получает кэшбэк 2% на месячный оборот до 500 AZN и 1% кэшбэка на оборот превышающий 500 AZN - Пользователь оплачивает <providerName> на сумму до и свыше 500 AZN единовременно и получает 0% кэшбэка - Примеры - Пользователь оплачивает AZROSHEN на сумму до и свыше 500 AZN единовременно и получает 0% кэшбэка
Получение списка "Моих платежей" пользователя - Проверка работы сервиса при нетипичных запросах удаления "Мои платежи" - Примеры.Получение списка "Моих платежей" пользователя - Проверка работы сервиса при нетипичных запросах удаления "Мои платежи" - Примеры - Проверка работы сервиса при нетипичных запросах удаления "Мои платежи"
Получение списка "Моих платежей" пользователя - Проверка работы сервиса при нетипичных запросах удаления "Мои платежи" - Примеры.Получение списка "Моих платежей" пользователя - Проверка работы сервиса при нетипичных запросах удаления "Мои платежи" - Примеры - Проверка работы сервиса при нетипичных запросах удаления "Мои платежи"
Получение списка "Моих платежей" пользователя - Проверка работы сервиса при нетипичных запросах удаления "Мои платежи" - Примеры.Получение списка "Моих платежей" пользователя - Проверка работы сервиса при нетипичных запросах удаления "Мои платежи" - Примеры - Проверка работы сервиса при нетипичных запросах удаления "Мои платежи"
Мобильные операторы - Пользователь получает ошибку при вводе невалидных данных для check запроса - <providerName> - Примеры.Мобильные операторы - Пользователь получает ошибку при вводе невалидных данных для check запроса - <providerName> - Примеры - Пользователь получает ошибку при вводе невалидных данных для check запроса - AZERCELL
Агентская сеть - Пользователь получает ошибку при вводе невалидных данных для check запроса - <providerName> - Примеры.Агентская сеть - Пользователь получает ошибку при вводе невалидных данных для check запроса - <providerName> - Примеры - Пользователь получает ошибку при вводе невалидных данных для check запроса - ORIFLAME
Получение списка "Моих платежей" пользователя - Проверка работы сервиса при нетипичных запросах удаления "Мои платежи" - Примеры.Получение списка "Моих платежей" пользователя - Проверка работы сервиса при нетипичных запросах удаления "Мои платежи" - Примеры - Проверка работы сервиса при нетипичных запросах удаления "Мои платежи"
Получение списка "Моих платежей" пользователя - Проверка работы сервиса при нетипичных запросах удаления "Мои платежи" - Примеры.Получение списка "Моих платежей" пользователя - Проверка работы сервиса при нетипичных запросах удаления "Мои платежи" - Примеры - Проверка работы сервиса при нетипичных запросах удаления "Мои платежи"
Получение списка "Моих платежей" пользователя - Проверка работы сервиса при нетипичных запросах чека "Мои платежи" - Примеры.Получение списка "Моих платежей" пользователя - Проверка работы сервиса при нетипичных запросах чека "Мои платежи" - Примеры - Проверка работы сервиса при нетипичных запросах чека "Мои платежи"
Получение списка "Моих платежей" пользователя - Проверка работы сервиса при нетипичных запросах чека "Мои платежи" - Примеры.Получение списка "Моих платежей" пользователя - Проверка работы сервиса при нетипичных запросах чека "Мои платежи" - Примеры - Проверка работы сервиса при нетипичных запросах чека "Мои платежи"
Получение списка "Моих платежей" пользователя - Проверка работы сервиса при нетипичных запросах чека "Мои платежи" - Примеры.Получение списка "Моих платежей" пользователя - Проверка работы сервиса при нетипичных запросах чека "Мои платежи" - Примеры - Проверка работы сервиса при нетипичных запросах чека "Мои платежи"
Получение списка "Моих платежей" пользователя - Проверка работы сервиса при нетипичных запросах чека "Мои платежи" - Примеры.Получение списка "Моих платежей" пользователя - Проверка работы сервиса при нетипичных запросах чека "Мои платежи" - Примеры - Проверка работы сервиса при нетипичных запросах чека "Мои платежи"
Получение списка "Моих платежей" пользователя - Проверка работы сервиса при нетипичных запросах чека "Мои платежи" - Примеры.Получение списка "Моих платежей" пользователя - Проверка работы сервиса при нетипичных запросах чека "Мои платежи" - Примеры - Проверка работы сервиса при нетипичных запросах чека "Мои платежи"
Получение списка "Моих платежей" пользователя - Проверка работы сервиса при нетипичных запросах чека "Мои платежи" - Примеры.Получение списка "Моих платежей" пользователя - Проверка работы сервиса при нетипичных запросах чека "Мои платежи" - Примеры - Проверка работы сервиса при нетипичных запросах чека "Мои платежи"
Получение списка "Моих платежей" пользователя - Проверка работы сервиса при нетипичных запросах чека "Мои платежи" - Примеры.Получение списка "Моих платежей" пользователя - Проверка работы сервиса при нетипичных запросах чека "Мои платежи" - Примеры - Проверка работы сервиса при нетипичных запросах чека "Мои платежи"
Получение списка "Моих платежей" пользователя - Проверка работы сервиса при нетипичных запросах чека "Мои платежи" - Примеры.Получение списка "Моих платежей" пользователя - Проверка работы сервиса при нетипичных запросах чека "Мои платежи" - Примеры - Проверка работы сервиса при нетипичных запросах чека "Мои платежи"
Получение списка "Моих платежей" пользователя - Проверка работы сервиса при нетипичных запросах чека "Мои платежи" - Примеры.Получение списка "Моих платежей" пользователя - Проверка работы сервиса при нетипичных запросах чека "Мои платежи" - Примеры - Проверка работы сервиса при нетипичных запросах чека "Мои платежи"
Получение списка "Моих платежей" пользователя - Переименование совершенного ранее платежа в разделе "Мои платежи" - Примеры.Получение списка "Моих платежей" пользователя - Переименование совершенного ранее платежа в разделе "Мои платежи" - Примеры - Переименование совершенного ранее платежа в разделе "Мои платежи"
Получение списка "Моих платежей" пользователя - Переименование совершенного ранее платежа в разделе "Мои платежи" - Примеры.Получение списка "Моих платежей" пользователя - Переименование совершенного ранее платежа в разделе "Мои платежи" - Примеры - Переименование совершенного ранее платежа в разделе "Мои платежи"
Получение списка "Моих платежей" пользователя - Переименование совершенного ранее платежа в разделе "Мои платежи" - Примеры.Получение списка "Моих платежей" пользователя - Переименование совершенного ранее платежа в разделе "Мои платежи" - Примеры - Переименование совершенного ранее платежа в разделе "Мои платежи"
Получение списка "Моих платежей" пользователя - Удаление совершенного ранее платежа из раздела "Мои платежи" - Примеры.Получение списка "Моих платежей" пользователя - Удаление совершенного ранее платежа из раздела "Мои платежи" - Примеры - Удаление совершенного ранее платежа из раздела "Мои платежи"
Получение списка "Моих платежей" пользователя - Удаление совершенного ранее платежа из раздела "Мои платежи" - Примеры.Получение списка "Моих платежей" пользователя - Удаление совершенного ранее платежа из раздела "Мои платежи" - Примеры - Удаление совершенного ранее платежа из раздела "Мои платежи"
Получение списка "Моих платежей" пользователя - Удаление совершенного ранее платежа из раздела "Мои платежи" - Примеры.Получение списка "Моих платежей" пользователя - Удаление совершенного ранее платежа из раздела "Мои платежи" - Примеры - Удаление совершенного ранее платежа из раздела "Мои платежи"
Получение списка "Моих платежей" пользователя - Получение чека на совершенных ранее платеж из раздела "Мои платежи" - Примеры.Получение списка "Моих платежей" пользователя - Получение чека на совершенных ранее платеж из раздела "Мои платежи" - Примеры - Получение чека на совершенных ранее платеж из раздела "Мои платежи"
Получение списка "Моих платежей" пользователя - Получение чека на совершенных ранее платеж из раздела "Мои платежи" - Примеры.Получение списка "Моих платежей" пользователя - Получение чека на совершенных ранее платеж из раздела "Мои платежи" - Примеры - Получение чека на совершенных ранее платеж из раздела "Мои платежи"
Получение списка "Моих платежей" пользователя - Получение чека на совершенных ранее платеж из раздела "Мои платежи" - Примеры.Получение списка "Моих платежей" пользователя - Получение чека на совершенных ранее платеж из раздела "Мои платежи" - Примеры - Получение чека на совершенных ранее платеж из раздела "Мои платежи"
Получение списка "Моих платежей" пользователя - Получение списка "Моих платежей" на разных языках - Примеры.Получение списка "Моих платежей" пользователя - Получение списка "Моих платежей" на разных языках - Примеры - Получение списка "Моих платежей" на разных языках
Получение списка "Моих платежей" пользователя - Получение списка "Моих платежей" на разных языках - Примеры.Получение списка "Моих платежей" пользователя - Получение списка "Моих платежей" на разных языках - Примеры - Получение списка "Моих платежей" на разных языках
Кабельное ТВ - Получение списка атрибутов провайдера по названию категории "Кабельное ТВ" - Примеры.Кабельное ТВ - Получение списка атрибутов провайдера по названию категории "Кабельное ТВ" - Примеры - Получение списка атрибутов провайдера по названию категории "Кабельное ТВ"
Получение списка "Моих платежей" пользователя - Получение списка "Моих платежей" на разных языках - Примеры.Получение списка "Моих платежей" пользователя - Получение списка "Моих платежей" на разных языках - Примеры - Получение списка "Моих платежей" на разных языках
Банковские услуги - Пользователь получает ошибку при вводе невалидных данных для check запроса - <providerName> - Примеры.Банковские услуги - Пользователь получает ошибку при вводе невалидных данных для check запроса - <providerName> - Примеры - Пользователь получает ошибку при вводе невалидных данных для check запроса - DOST_FINANCE
Жилищно-строительный кооператив - Пользователь может посмотреть информацию о статусе собственного абонентского счета по <providerName> и оплатить его - Примеры.Жилищно-строительный кооператив - Пользователь может посмотреть информацию о статусе собственного абонентского счета по <providerName> и оплатить его - Примеры - Пользователь может посмотреть информацию о статусе собственного абонентского счета по PORT_BAKU_UTILITIES и оплатить его
Тотализатор - Получение списка атрибутов провайдера <providerName>. Провайдер категории "Тотализатор" - Примеры.Тотализатор - Получение списка атрибутов провайдера <providerName>. Провайдер категории "Тотализатор" - Примеры - Получение списка атрибутов провайдера MISLIAZ. Провайдер категории "Тотализатор"
Банковские услуги - Пользователь может посмотреть информацию о статусе собственного абонентского счета по <providerName> и оплатить его - Примеры.Банковские услуги - Пользователь может посмотреть информацию о статусе собственного абонентского счета по <providerName> и оплатить его - Примеры - Пользователь может посмотреть информацию о статусе собственного абонентского счета по TEZ_YIGIM и оплатить его
Коммунальные услуги - Пользователь получает ошибку при вводе невалидных данных для check запроса - <providerName> - Примеры.Коммунальные услуги - Пользователь получает ошибку при вводе невалидных данных для check запроса - <providerName> - Примеры - Пользователь получает ошибку при вводе невалидных данных для check запроса - AZERIGAZ
Телефон - Получение списка атрибутов провайдера <providerName>. Провайдер категории "Телефон" - Примеры.Телефон - Получение списка атрибутов провайдера <providerName>. Провайдер категории "Телефон" - Примеры - Получение списка атрибутов провайдера AZEUROTEL. Провайдер категории "Телефон"
Агентская сеть - Получение списка атрибутов провайдера по названию категории "Агентская сеть" - Примеры.Агентская сеть - Получение списка атрибутов провайдера по названию категории "Агентская сеть" - Примеры - Получение списка атрибутов провайдера по названию категории "Агентская сеть"
Лимит кэшбэка. Пользователь получает кэшбэк 2% на месячный оборот до 500 AZN и 1% кэшбэка на оборот превышающий 500 AZN - Пользователь оплачивает <providerName> на сумму до и свыше 500 AZN единовременно и получает 0% кэшбэка - Примеры.Лимит кэшбэка. Пользователь получает кэшбэк 2% на месячный оборот до 500 AZN и 1% кэшбэка на оборот превышающий 500 AZN - Пользователь оплачивает <providerName> на сумму до и свыше 500 AZN единовременно и получает 0% кэшбэка - Примеры - Пользователь оплачивает ISB на сумму до и свыше 500 AZN единовременно и получает 0% кэшбэка
Кабельное ТВ - Пользователь получает ошибку при вводе невалидных данных для check запроса - <providerName> - Примеры.Кабельное ТВ - Пользователь получает ошибку при вводе невалидных данных для check запроса - <providerName> - Примеры - Пользователь получает ошибку при вводе невалидных данных для check запроса - ATV_PLUS
Банковские услуги - Пользователь может посмотреть информацию о статусе собственного абонентского счета по <providerName> и оплатить его - Примеры.Банковские услуги - Пользователь может посмотреть информацию о статусе собственного абонентского счета по <providerName> и оплатить его - Примеры - Пользователь может посмотреть информацию о статусе собственного абонентского счета по DOST_FINANCE и оплатить его
Сеть магазинов Э-коммерция - Пользователь получает ошибку при вводе невалидных данных для check запроса - <providerName> - Примеры.Сеть магазинов Э-коммерция - Пользователь получает ошибку при вводе невалидных данных для check запроса - <providerName> - Примеры - Пользователь получает ошибку при вводе невалидных данных для check запроса - HOMM_LIFE
Телефон - Получение списка атрибутов провайдера по названию категории "Телефон" - Примеры.Телефон - Получение списка атрибутов провайдера по названию категории "Телефон" - Примеры - Получение списка атрибутов провайдера по названию категории "Телефон"
Интернет - Пользователь получает ошибку при вводе невалидных данных для check запроса - <providerName> - Примеры.Интернет - Пользователь получает ошибку при вводе невалидных данных для check запроса - <providerName> - Примеры - Пользователь получает ошибку при вводе невалидных данных для check запроса - TRANS_EUR_COM
Тотализатор - Получение списка провайдеров для категории "Тотализатор" - Примеры.Тотализатор - Получение списка провайдеров для категории "Тотализатор" - Примеры - Получение списка провайдеров для категории "Тотализатор"
Пользователь может перевести деньги с одного кошелька m10 другому пользователю на кошелек m10.Пользователь может перевести деньги с одного кошелька m10 другому пользователю на кошелек m10 - Перевод с кошелька m10 на кошелек m10 happy path через QR
Лимит кэшбэка. Пользователь получает кэшбэк 2% на месячный оборот до 500 AZN и 1% кэшбэка на оборот превышающий 500 AZN - Пользователь оплачивает <providerName> на сумму свыше 500 AZN единовременно и получает 1% кэшбэка - Примеры.Лимит кэшбэка. Пользователь получает кэшбэк 2% на месячный оборот до 500 AZN и 1% кэшбэка на оборот превышающий 500 AZN - Пользователь оплачивает <providerName> на сумму свыше 500 AZN единовременно и получает 1% кэшбэка - Примеры - Пользователь оплачивает BAKCELL на сумму свыше 500 AZN единовременно и получает 1% кэшбэка
Получение категорий от MillionPayments - Надпись кэшбэка <expectedCashbackSing> отображается напротив каждой категории, по которой - Примеры.Получение категорий от MillionPayments - Надпись кэшбэка <expectedCashbackSing> отображается напротив каждой категории, по которой - Примеры - Надпись кэшбэка 2% отображается напротив каждой категории, по которой
Образование - Получение списка атрибутов провайдера по названию категории "Образование" - Примеры.Образование - Получение списка атрибутов провайдера по названию категории "Образование" - Примеры - Получение списка атрибутов провайдера по названию категории "Образование"
Государственные платежи - Получение списка провайдеров для категории "Государственные платежи" - Примеры.Государственные платежи - Получение списка провайдеров для категории "Государственные платежи" - Примеры - Получение списка провайдеров для категории "Государственные платежи"
Лимит кэшбэка. Пользователь получает кэшбэк 2% на месячный оборот до 500 AZN и 1% кэшбэка на оборот превышающий 500 AZN - Пользователь оплачивает <providerName> на сумму до и свыше 500 AZN единовременно и получает 0% кэшбэка - Примеры.Лимит кэшбэка. Пользователь получает кэшбэк 2% на месячный оборот до 500 AZN и 1% кэшбэка на оборот превышающий 500 AZN - Пользователь оплачивает <providerName> на сумму до и свыше 500 AZN единовременно и получает 0% кэшбэка - Примеры - Пользователь оплачивает AZROSHEN на сумму до и свыше 500 AZN единовременно и получает 0% кэшбэка
Мобильные операторы - Пользователь получает ошибку при вводе невалидных данных для check запроса - <providerName> - Примеры.Мобильные операторы - Пользователь получает ошибку при вводе невалидных данных для check запроса - <providerName> - Примеры - Пользователь получает ошибку при вводе невалидных данных для check запроса - BAKCELL
Лимит кэшбэка. Пользователь получает кэшбэк 2% на месячный оборот до 500 AZN и 1% кэшбэка на оборот превышающий 500 AZN - Пользователь оплачивает <providerName> на сумму свыше 500 AZN единовременно и получает 1% кэшбэка - Примеры.Лимит кэшбэка. Пользователь получает кэшбэк 2% на месячный оборот до 500 AZN и 1% кэшбэка на оборот превышающий 500 AZN - Пользователь оплачивает <providerName> на сумму свыше 500 AZN единовременно и получает 1% кэшбэка - Примеры - Пользователь оплачивает BAKCELL на сумму свыше 500 AZN единовременно и получает 1% кэшбэка
Агентская сеть - Пользователь получает ошибку при вводе невалидных данных для check запроса - <providerName> - Примеры.Агентская сеть - Пользователь получает ошибку при вводе невалидных данных для check запроса - <providerName> - Примеры - Пользователь получает ошибку при вводе невалидных данных для check запроса - AZROSHEN
Кабельное ТВ - Получение списка атрибутов провайдера по названию категории "Кабельное ТВ" - Примеры.Кабельное ТВ - Получение списка атрибутов провайдера по названию категории "Кабельное ТВ" - Примеры - Получение списка атрибутов провайдера по названию категории "Кабельное ТВ"
Поиск по провайдерам на экране платежей - Поиск провайдеров по минимальному числу введенных символов - Примеры.Поиск по провайдерам на экране платежей - Поиск провайдеров по минимальному числу введенных символов - Примеры - Поиск провайдеров по минимальному числу введенных символов
Банковские услуги - Пользователь получает ошибку при вводе невалидных данных для check запроса - <providerName> - Примеры.Банковские услуги - Пользователь получает ошибку при вводе невалидных данных для check запроса - <providerName> - Примеры - Пользователь получает ошибку при вводе невалидных данных для check запроса - QARANT_KREDIT
Жилищно-строительный кооператив - Пользователь может посмотреть информацию о статусе собственного абонентского счета по <providerName> и оплатить его - Примеры.Жилищно-строительный кооператив - Пользователь может посмотреть информацию о статусе собственного абонентского счета по <providerName> и оплатить его - Примеры - Пользователь может посмотреть информацию о статусе собственного абонентского счета по BILLING_PRO и оплатить его
Банковские услуги - Пользователь может посмотреть информацию о статусе собственного абонентского счета по <providerName> и оплатить его - Примеры.Банковские услуги - Пользователь может посмотреть информацию о статусе собственного абонентского счета по <providerName> и оплатить его - Примеры - Пользователь может посмотреть информацию о статусе собственного абонентского счета по HOME_FINANCE и оплатить его
Коммунальные услуги - Пользователь получает ошибку при вводе невалидных данных для check запроса - <providerName> - Примеры.Коммунальные услуги - Пользователь получает ошибку при вводе невалидных данных для check запроса - <providerName> - Примеры - Пользователь получает ошибку при вводе невалидных данных для check запроса - AZERISHIQ_CORPO
Тотализатор - Получение списка атрибутов провайдера <providerName>. Провайдер категории "Тотализатор" - Примеры.Тотализатор - Получение списка атрибутов провайдера <providerName>. Провайдер категории "Тотализатор" - Примеры - Получение списка атрибутов провайдера MISLIAZ. Провайдер категории "Тотализатор"
Телефон - Получение списка атрибутов провайдера по названию категории "Телефон" - Примеры.Телефон - Получение списка атрибутов провайдера по названию категории "Телефон" - Примеры - Получение списка атрибутов провайдера по названию категории "Телефон"
Государственные платежи - Получение списка провайдеров для категории "Государственные платежи" - Примеры.Государственные платежи - Получение списка провайдеров для категории "Государственные платежи" - Примеры - Получение списка провайдеров для категории "Государственные платежи"
Агентская сеть - Получение списка атрибутов провайдера <providerName>. Провайдер категории "Агентская сеть" - Примеры.Агентская сеть - Получение списка атрибутов провайдера <providerName>. Провайдер категории "Агентская сеть" - Примеры - Получение списка атрибутов провайдера AZROSHEN. Провайдер категории "Агентская сеть"
Сеть магазинов Э-коммерция - Пользователь может посмотреть информацию о статусе собственного абонентского счета по <providerName> и оплатить его - Примеры.Сеть магазинов Э-коммерция - Пользователь может посмотреть информацию о статусе собственного абонентского счета по <providerName> и оплатить его - Примеры - Пользователь может посмотреть информацию о статусе собственного абонентского счета по BY_TELECOM и оплатить его
Банковские услуги - Пользователь может посмотреть информацию о статусе собственного абонентского счета по <providerName> и оплатить его - Примеры.Банковские услуги - Пользователь может посмотреть информацию о статусе собственного абонентского счета по <providerName> и оплатить его - Примеры - Пользователь может посмотреть информацию о статусе собственного абонентского счета по QARANT_KREDIT и оплатить его
Интернет - Пользователь получает ошибку при вводе невалидных данных для check запроса - <providerName> - Примеры.Интернет - Пользователь получает ошибку при вводе невалидных данных для check запроса - <providerName> - Примеры - Пользователь получает ошибку при вводе невалидных данных для check запроса - TELEPORT
Кабельное ТВ - Пользователь получает ошибку при вводе невалидных данных для check запроса - <providerName> - Примеры.Кабельное ТВ - Пользователь получает ошибку при вводе невалидных данных для check запроса - <providerName> - Примеры - Пользователь получает ошибку при вводе невалидных данных для check запроса - AILE_TVIP
Тотализатор - Получение списка провайдеров для категории "Тотализатор" - Примеры.Тотализатор - Получение списка провайдеров для категории "Тотализатор" - Примеры - Получение списка провайдеров для категории "Тотализатор"
Отправка средств незарегистрированному в M10 пользователю - Проверка смс o переводе средств на разных языках - <language> - Примеры.Отправка средств незарегистрированному в M10 пользователю - Проверка смс o переводе средств на разных языках - <language> - Примеры - Проверка смс o переводе средств на разных языках - en
Мобильные операторы - Получение списка провайдеров для категории "Мобильные операторы" - Примеры.Мобильные операторы - Получение списка провайдеров для категории "Мобильные операторы" - Примеры - Получение списка провайдеров для категории "Мобильные операторы"
Мобильные операторы - Пользователь вводит номер неверного оператора - Примеры.Мобильные операторы - Пользователь вводит номер неверного оператора - Примеры - Пользователь вводит номер неверного оператора
Получение категорий от MillionPayments - Надпись кэшбэка <expectedCashbackSing> отображается напротив каждой категории, по которой - Примеры.Получение категорий от MillionPayments - Надпись кэшбэка <expectedCashbackSing> отображается напротив каждой категории, по которой - Примеры - Надпись кэшбэка 2% отображается напротив каждой категории, по которой
Тотализатор - Получение списка атрибутов провайдера по названию категории "Тотализатор" - Примеры.Тотализатор - Получение списка атрибутов провайдера по названию категории "Тотализатор" - Примеры - Получение списка атрибутов провайдера по названию категории "Тотализатор"
Образование - Получение списка провайдеров для категории "Образование" - Примеры.Образование - Получение списка провайдеров для категории "Образование" - Примеры - Получение списка провайдеров для категории "Образование"
Ответы от million и статусы в бд - Получение ответов от million с различными статусами с временем ответа более 20 сек - Примеры.Ответы от million и статусы в бд - Получение ответов от million с различными статусами с временем ответа более 20 сек - Примеры - Получение ответов от million с различными статусами с временем ответа более 20 сек
Коммунальные услуги - Получение списка провайдеров для категории "Коммунальные услуги" - Примеры.Коммунальные услуги - Получение списка провайдеров для категории "Коммунальные услуги" - Примеры - Получение списка провайдеров для категории "Коммунальные услуги"
Агентская сеть - Пользователь может посмотреть информацию о статусе собственного абонентского счета по <providerName> и оплатить его с учетом комиссии - Примеры.Агентская сеть - Пользователь может посмотреть информацию о статусе собственного абонентского счета по <providerName> и оплатить его с учетом комиссии - Примеры - Пользователь может посмотреть информацию о статусе собственного абонентского счета по FABERLIC и оплатить его с учетом комиссии
Кабельное ТВ - Получение списка атрибутов провайдера <providerName>. Провайдер категории "Кабельное ТВ" - Примеры.Кабельное ТВ - Получение списка атрибутов провайдера <providerName>. Провайдер категории "Кабельное ТВ" - Примеры - Получение списка атрибутов провайдера AILE_TV. Провайдер категории "Кабельное ТВ"
Поиск по провайдерам на экране платежей - Поиск провайдеров по минимальному числу введенных символов - Примеры.Поиск по провайдерам на экране платежей - Поиск провайдеров по минимальному числу введенных символов - Примеры - Поиск провайдеров по минимальному числу введенных символов
Жилищно-строительный кооператив - Получение списка атрибутов провайдера <providerName>. Провайдер категории "ЖСК" - Примеры.Жилищно-строительный кооператив - Получение списка атрибутов провайдера <providerName>. Провайдер категории "ЖСК" - Примеры - Получение списка атрибутов провайдера PORT_BAKU_UTILITIES. Провайдер категории "ЖСК"
Банковские услуги - Пользователь получает ошибку при вводе невалидных данных для check запроса - <providerName> - Примеры.Банковские услуги - Пользователь получает ошибку при вводе невалидных данных для check запроса - <providerName> - Примеры - Пользователь получает ошибку при вводе невалидных данных для check запроса - TCF
Банковские услуги - Пользователь может посмотреть информацию о статусе собственного абонентского счета по <providerName> и оплатить его - Примеры.Банковские услуги - Пользователь может посмотреть информацию о статусе собственного абонентского счета по <providerName> и оплатить его - Примеры - Пользователь может посмотреть информацию о статусе собственного абонентского счета по FINDEV и оплатить его
Тотализатор - Получение списка провайдеров для категории "Тотализатор" - Примеры.Тотализатор - Получение списка провайдеров для категории "Тотализатор" - Примеры - Получение списка провайдеров для категории "Тотализатор"
Коммунальные услуги - Пользователь получает ошибку при вводе невалидных данных для check запроса - <providerName> - Примеры.Коммунальные услуги - Пользователь получает ошибку при вводе невалидных данных для check запроса - <providerName> - Примеры - Пользователь получает ошибку при вводе невалидных данных для check запроса - AZERISHIQ
Поиск по провайдерам на экране платежей - Поиск провайдеров по минимальному числу введенных символов - Примеры.Поиск по провайдерам на экране платежей - Поиск провайдеров по минимальному числу введенных символов - Примеры - Поиск провайдеров по минимальному числу введенных символов
Агентская сеть - Получение списка атрибутов провайдера <providerName>. Провайдер категории "Агентская сеть" - Примеры.Агентская сеть - Получение списка атрибутов провайдера <providerName>. Провайдер категории "Агентская сеть" - Примеры - Получение списка атрибутов провайдера AZROSHEN. Провайдер категории "Агентская сеть"
Мобильные операторы - Получение списка атрибутов провайдера по названию категории "Мобильные операторы" - Примеры.Мобильные операторы - Получение списка атрибутов провайдера по названию категории "Мобильные операторы" - Примеры - Получение списка атрибутов провайдера по названию категории "Мобильные операторы"
Кабельное ТВ - Пользователь получает ошибку при вводе невалидных данных для check запроса - <providerName> - Примеры.Кабельное ТВ - Пользователь получает ошибку при вводе невалидных данных для check запроса - <providerName> - Примеры - Пользователь получает ошибку при вводе невалидных данных для check запроса - AILE_TV
Сеть магазинов Э-коммерция - Пользователь может посмотреть информацию о статусе собственного абонентского счета по <providerName> и оплатить его - Примеры.Сеть магазинов Э-коммерция - Пользователь может посмотреть информацию о статусе собственного абонентского счета по <providerName> и оплатить его - Примеры - Пользователь может посмотреть информацию о статусе собственного абонентского счета по EUROLUX и оплатить его
Интернет - Пользователь получает ошибку при вводе невалидных данных для check запроса - <providerName> - Примеры.Интернет - Пользователь получает ошибку при вводе невалидных данных для check запроса - <providerName> - Примеры - Пользователь получает ошибку при вводе невалидных данных для check запроса - TELECOM_INVEST
Банковские услуги - Пользователь может посмотреть информацию о статусе собственного абонентского счета по <providerName> и оплатить его - Примеры.Банковские услуги - Пользователь может посмотреть информацию о статусе собственного абонентского счета по <providerName> и оплатить его - Примеры - Пользователь может посмотреть информацию о статусе собственного абонентского счета по TCF и оплатить его
Тотализатор - Получение списка атрибутов провайдера по названию категории "Тотализатор" - Примеры.Тотализатор - Получение списка атрибутов провайдера по названию категории "Тотализатор" - Примеры - Получение списка атрибутов провайдера по названию категории "Тотализатор"
Пополнение кошелька через партнера Binance.Пополнение кошелька через партнера Binance - При запросе о данных отправителя при BINANCE payout операции с разными фильрами получаем корректные операции
оплата по QR в Bravo посредством приложения BirBank.оплата по QR в Bravo посредством приложения BirBank - Пользователь Birbank получает ошибку при повторном сканировании QR операции возврата который был отсканирован и подтверждён пользователем
Ответы от million и статусы в бд - Получение ответов от million с различными статусами с временем ответа более 20 сек - Примеры.Ответы от million и статусы в бд - Получение ответов от million с различными статусами с временем ответа более 20 сек - Примеры - Получение ответов от million с различными статусами с временем ответа более 20 сек
оплата по QR в Pos терминале PashaBank посредством приложения birbank.оплата по QR в Pos терминале PashaBank посредством приложения birbank - Кассир отменяет операцию оплаты в POS терминале PashaBank до оплаты пользователем в Birbank
оплата по QR в Pos терминале PashaBank посредством приложения birbank.оплата по QR в Pos терминале PashaBank посредством приложения birbank - Проведение возврата в POS терминале PashaBank c Birbank после первой отмененной операции кассиром (в следствии не верно указанной суммы кассиром)
Ответы от million и статусы в бд - Получение ответов от million с различными статусами с временем ответа более 20 сек - Примеры.Ответы от million и статусы в бд - Получение ответов от million с различными статусами с временем ответа более 20 сек - Примеры - Получение ответов от million с различными статусами с временем ответа более 20 сек
Сеть магазинов Э-коммерция - Пользователь может посмотреть информацию о статусе собственного абонентского счета по <providerName> и оплатить его - Примеры.Сеть магазинов Э-коммерция - Пользователь может посмотреть информацию о статусе собственного абонентского счета по <providerName> и оплатить его - Примеры - Пользователь может посмотреть информацию о статусе собственного абонентского счета по HOMM_LIFE и оплатить его
Возврат оплаты в Браво по QR на счет m10.Возврат оплаты в Браво по QR на счет m10 - User approves refund + delete user from Redis
Проверка оплаты Государственных платежей.Проверка оплаты Государственных платежей - Пользователь получит средства обратно, при превышении лимита таймаута при оплате HOP
Проверка пользователя на вхождение в черный список - Коды ошибок при негативном clientCheck с фио (<senderFio>) - Примеры.Проверка пользователя на вхождение в черный список - Коды ошибок при негативном clientCheck с фио (<senderFio>) - Примеры - Коды ошибок при негативном clientCheck с фио (Арсений)
Интернет - Пользователь получает ошибку при вводе невалидных данных для check запроса - <providerName> - Примеры.Интернет - Пользователь получает ошибку при вводе невалидных данных для check запроса - <providerName> - Примеры - Пользователь получает ошибку при вводе невалидных данных для check запроса - PORTFLIX
Получение категорий от MillionPayments - Проверка работы сервиса при нетипичных запросах получения pay - Примеры.Получение категорий от MillionPayments - Проверка работы сервиса при нетипичных запросах получения pay - Примеры - Проверка работы сервиса при нетипичных запросах получения pay
Пополнение кошелька через партнера Binance - пользователь может пополнить счет m10 с приложения партнера если были присланы невалидные данные отправителя - Примеры.Пополнение кошелька через партнера Binance - пользователь может пополнить счет m10 с приложения партнера если были присланы невалидные данные отправителя - Примеры - пользователь может пополнить счет m10 с приложения партнера если были присланы невалидные данные отправителя
оплата по QR в Bravo посредством приложения BirBank.оплата по QR в Bravo посредством приложения BirBank - Таймаут операции возврата истекает после того как юзер подтвердил возврат через приложение birbank
Отправка средств незарегистрированному в M10 пользователю.Отправка средств незарегистрированному в M10 пользователю - При возникнавении в редисе не валидного сообщения по операции W2NonM10 получатель может зарегестрироваться в системе
Банковские услуги - Пользователь получает ошибку при вводе невалидных данных для check запроса - <providerName> - Примеры.Банковские услуги - Пользователь получает ошибку при вводе невалидных данных для check запроса - <providerName> - Примеры - Пользователь получает ошибку при вводе невалидных данных для check запроса - ASET_BOKT
Сценарии для crossBorder nmtCheck - Негативный nmtCheck у пользователя с суммой перевода - <amount> - Примеры.Сценарии для crossBorder nmtCheck - Негативный nmtCheck у пользователя с суммой перевода - <amount> - Примеры - Негативный nmtCheck у пользователя с суммой перевода - 20000.01
Изменение данных в профиле пользователя - : Попытка изменения номера телефона c невалидными данными - "<invalidPhone>" - Примеры.Изменение данных в профиле пользователя - : Попытка изменения номера телефона c невалидными данными - "<invalidPhone>" - Примеры - : Попытка изменения номера телефона c невалидными данными - "" ""
Интернет - Пользователь получает ошибку при вводе невалидных данных для check запроса - <providerName> - Примеры.Интернет - Пользователь получает ошибку при вводе невалидных данных для check запроса - <providerName> - Примеры - Пользователь получает ошибку при вводе невалидных данных для check запроса - AZERONLINE
Банковские услуги - Пользователь может посмотреть информацию о статусе собственного абонентского счета по <providerName> и оплатить его - Примеры.Банковские услуги - Пользователь может посмотреть информацию о статусе собственного абонентского счета по <providerName> и оплатить его - Примеры - Пользователь может посмотреть информацию о статусе собственного абонентского счета по AZKREDIT_CREDIT и оплатить его
Банковские услуги - Пользователь может посмотреть информацию о статусе собственного абонентского счета по <providerName> и оплатить его - Примеры.Банковские услуги - Пользователь может посмотреть информацию о статусе собственного абонентского счета по <providerName> и оплатить его - Примеры - Пользователь может посмотреть информацию о статусе собственного абонентского счета по BANK_VTB_KREDIT и оплатить его
Получение категорий от MillionPayments - Проверка работы сервиса при нетипичных запросах списка категорий - Примеры.Получение категорий от MillionPayments - Проверка работы сервиса при нетипичных запросах списка категорий - Примеры - Проверка работы сервиса при нетипичных запросах списка категорий
Ответы от million и статусы в бд - Получение ответов от million с различными статусами - Примеры.Ответы от million и статусы в бд - Получение ответов от million с различными статусами - Примеры - Получение ответов от million с различными статусами
Интернет - Пользователь получает ошибку при вводе невалидных данных для check запроса - <providerName> - Примеры.Интернет - Пользователь получает ошибку при вводе невалидных данных для check запроса - <providerName> - Примеры - Пользователь получает ошибку при вводе невалидных данных для check запроса - ENGINET
Проверка списка пользователей m10.Проверка списка пользователей m10 - Пользователь может проверить использование m10 своими контактами
оплата по QR в Bravo посредством приложения BirBank.оплата по QR в Bravo посредством приложения BirBank - Таймаут операции возврата истекает после того как юзер отсканировал Браво QR через приложение birbank
Банковские услуги - Пользователь может посмотреть информацию о статусе собственного абонентского счета по <providerName> и оплатить его - Примеры.Банковские услуги - Пользователь может посмотреть информацию о статусе собственного абонентского счета по <providerName> и оплатить его - Примеры - Пользователь может посмотреть информацию о статусе собственного абонентского счета по ANEXS и оплатить его
Банковские услуги - Пользователь может посмотреть информацию о статусе собственного абонентского счета по <providerName> и оплатить его - Примеры.Банковские услуги - Пользователь может посмотреть информацию о статусе собственного абонентского счета по <providerName> и оплатить его - Примеры - Пользователь может посмотреть информацию о статусе собственного абонентского счета по YELOBANK и оплатить его
Сеть магазинов Э-коммерция - Пользователь может посмотреть информацию о статусе собственного абонентского счета по <providerName> и оплатить его - Примеры.Сеть магазинов Э-коммерция - Пользователь может посмотреть информацию о статусе собственного абонентского счета по <providerName> и оплатить его - Примеры - Пользователь может посмотреть информацию о статусе собственного абонентского счета по SOLITON и оплатить его
Проверка пользователя на вхождение в черный список - Коды ошибок при негативном clientCheck с фио (<senderFio>) - Примеры.Проверка пользователя на вхождение в черный список - Коды ошибок при негативном clientCheck с фио (<senderFio>) - Примеры - Коды ошибок при негативном clientCheck с фио (8!*///@//% Семен Семенович)
Интернет - Пользователь получает ошибку при вводе невалидных данных для check запроса - <providerName> - Примеры.Интернет - Пользователь получает ошибку при вводе невалидных данных для check запроса - <providerName> - Примеры - Пользователь получает ошибку при вводе невалидных данных для check запроса - NIANT
оплата по QR в Bravo посредством приложения BirBank.оплата по QR в Bravo посредством приложения BirBank - Таймаут операции возврата истекает до того как юзер отсканировал Браво QR через приложение birbank
Получение категорий от MillionPayments - Проверка работы сервиса при нетипичных запросах получения pay - Примеры.Получение категорий от MillionPayments - Проверка работы сервиса при нетипичных запросах получения pay - Примеры - Проверка работы сервиса при нетипичных запросах получения pay
оплата по QR в Bravo посредством приложения BirBank.оплата по QR в Bravo посредством приложения BirBank - Кассир аннулирует чек после успешной оплаты по QR через приложение birbank
оплата по QR в Pos терминале PashaBank посредством приложения birbank.оплата по QR в Pos терминале PashaBank посредством приложения birbank - Нет возможности возврата с POS терминала PashaBank из приложения Birbank если операция была в другом мерчанте
Пополнение кошелька через партнера Binance - пользователь может пополнить счет m10 с приложения партнера если были присланы невалидные данные отправителя - Примеры.Пополнение кошелька через партнера Binance - пользователь может пополнить счет m10 с приложения партнера если были присланы невалидные данные отправителя - Примеры - пользователь может пополнить счет m10 с приложения партнера если были присланы невалидные данные отправителя
Сценарии для crossBorder nmtCheck - Негативный nmtCheck у пользователя с суммой перевода - <amount> - Примеры.Сценарии для crossBorder nmtCheck - Негативный nmtCheck у пользователя с суммой перевода - <amount> - Примеры - Негативный nmtCheck у пользователя с суммой перевода - -20.00
Проверка пользователя на вхождение в черный список - Коды ошибок при негативном clientCheck с фио (<senderFio>) - Примеры.Проверка пользователя на вхождение в черный список - Коды ошибок при негативном clientCheck с фио (<senderFio>) - Примеры - Коды ошибок при негативном clientCheck с фио (сУлЕй;$манов Дамир)
Интернет - Пользователь получает ошибку при вводе невалидных данных для check запроса - <providerName> - Примеры.Интернет - Пользователь получает ошибку при вводе невалидных данных для check запроса - <providerName> - Примеры - Пользователь получает ошибку при вводе невалидных данных для check запроса - EUROSEL
Получение категорий от MillionPayments - Проверка работы сервиса при нетипичных запросах получения pay - Примеры.Получение категорий от MillionPayments - Проверка работы сервиса при нетипичных запросах получения pay - Примеры - Проверка работы сервиса при нетипичных запросах получения pay
Пополнение кошелька через партнера Binance - пользователь может пополнить счет m10 с приложения партнера если были присланы невалидные данные отправителя - Примеры.Пополнение кошелька через партнера Binance - пользователь может пополнить счет m10 с приложения партнера если были присланы невалидные данные отправителя - Примеры - пользователь может пополнить счет m10 с приложения партнера если были присланы невалидные данные отправителя
Банковские услуги - Пользователь может посмотреть информацию о статусе собственного абонентского счета по <providerName> и оплатить его - Примеры.Банковские услуги - Пользователь может посмотреть информацию о статусе собственного абонентского счета по <providerName> и оплатить его - Примеры - Пользователь может посмотреть информацию о статусе собственного абонентского счета по EMBA_FINANCE и оплатить его
Интернет - Пользователь получает ошибку при вводе невалидных данных для check запроса - <providerName> - Примеры.Интернет - Пользователь получает ошибку при вводе невалидных данных для check запроса - <providerName> - Примеры - Пользователь получает ошибку при вводе невалидных данных для check запроса - CITYLINE
Получение категорий от MillionPayments - Проверка работы сервиса при нетипичных запросах получения check - Примеры.Получение категорий от MillionPayments - Проверка работы сервиса при нетипичных запросах получения check - Примеры - Проверка работы сервиса при нетипичных запросах получения check
Пополнение кошелька через партнера Binance.Пополнение кошелька через партнера Binance - пользователь может пополнить счет m10 с приложения партнера если не были присланы kyc данные отправителя
Сценарии для crossBorder nmtCheck - Негативный nmtCheck у пользователя с суммой перевода - <amount> - Примеры.Сценарии для crossBorder nmtCheck - Негативный nmtCheck у пользователя с суммой перевода - <amount> - Примеры - Негативный nmtCheck у пользователя с суммой перевода - 00.00
Сценарии для crossBorder payment - Позитивное выполнение payment запроса с зачислением - <expectedBalance> - Примеры.Сценарии для crossBorder payment - Позитивное выполнение payment запроса с зачислением - <expectedBalance> - Примеры - Позитивное выполнение payment запроса с зачислением - 375 AZN
Интернет - Пользователь получает ошибку при вводе невалидных данных для check запроса - <providerName> - Примеры.Интернет - Пользователь получает ошибку при вводе невалидных данных для check запроса - <providerName> - Примеры - Пользователь получает ошибку при вводе невалидных данных для check запроса - BOSS_GROUP
Проверка пользователя на вхождение в черный список - Коды ошибок при негативном clientCheck с фио (<senderFio>) - Примеры.Проверка пользователя на вхождение в черный список - Коды ошибок при негативном clientCheck с фио (<senderFio>) - Примеры - Коды ошибок при негативном clientCheck с фио (Ивано123в Петр)
Получение категорий от MillionPayments - Проверка работы сервиса при нетипичных запросах получения check - Примеры.Получение категорий от MillionPayments - Проверка работы сервиса при нетипичных запросах получения check - Примеры - Проверка работы сервиса при нетипичных запросах получения check
Пополнение кошелька через партнера Binance.Пополнение кошелька через партнера Binance - пользователь может пополнить счет m10 с приложения партнера без поля kyc данных отправителя
Возврат оплаты в Браво по QR на счет m10.Возврат оплаты в Браво по QR на счет m10 - Timeout expires before shop confirm refund
оплата по QR в Pos терминале PashaBank посредством приложения birbank.оплата по QR в Pos терминале PashaBank посредством приложения birbank - Возврат через POS терминал PashaBank с другого терминала мерчанта c приложения Birbank
Получение данных профиля пользователя из БД.Получение данных профиля пользователя из БД - Пользователь может изменить свои данные профиля
Изменение данных в профиле пользователя.Изменение данных в профиле пользователя - Пользователь может изменить имя в профиле
Интернет - Пользователь получает ошибку при вводе невалидных данных для check запроса - <providerName> - Примеры.Интернет - Пользователь получает ошибку при вводе невалидных данных для check запроса - <providerName> - Примеры - Пользователь получает ошибку при вводе невалидных данных для check запроса - BLINE
Сценарии для crossBorder nmtCheck - Негативный nmtCheck у пользователя с суммой перевода - <amount> - Примеры.Сценарии для crossBorder nmtCheck - Негативный nmtCheck у пользователя с суммой перевода - <amount> - Примеры - Негативный nmtCheck у пользователя с суммой перевода - 00.99
Сценарии для crossBorder payment - Позитивное выполнение payment запроса с зачислением - <expectedBalance> - Примеры.Сценарии для crossBorder payment - Позитивное выполнение payment запроса с зачислением - <expectedBalance> - Примеры - Позитивное выполнение payment запроса с зачислением - 1,02 AZN
Интернет - Пользователь получает ошибку при вводе невалидных данных для check запроса - <providerName> - Примеры.Интернет - Пользователь получает ошибку при вводе невалидных данных для check запроса - <providerName> - Примеры - Пользователь получает ошибку при вводе невалидных данных для check запроса - CITYNET
Проверка пользователя на вхождение в черный список - Коды ошибок при негативном clientCheck с фио (<senderFio>) - Примеры.Проверка пользователя на вхождение в черный список - Коды ошибок при негативном clientCheck с фио (<senderFio>) - Примеры - Коды ошибок при негативном clientCheck с фио (Алеми?ан Клэр)
Банковские услуги - Пользователь может посмотреть информацию о статусе собственного абонентского счета по <providerName> и оплатить его - Примеры.Банковские услуги - Пользователь может посмотреть информацию о статусе собственного абонентского счета по <providerName> и оплатить его - Примеры - Пользователь может посмотреть информацию о статусе собственного абонентского счета по KAPITAL_ACCOUNT и оплатить его
Открытие кошелька m10 (проверка на наличие кошелька) водителя в процессе регистрации в приложении Партнера - Обработка невалидных данных при запросе на регистрацию - <invalidPhone> - <partner> - Примеры.Открытие кошелька m10 (проверка на наличие кошелька) водителя в процессе регистрации в приложении Партнера - Обработка невалидных данных при запросе на регистрацию - <invalidPhone> - <partner> - Примеры - Обработка невалидных данных при запросе на регистрацию - текстКирилли - BINANCE
Получение категорий от MillionPayments - Проверка работы сервиса при нетипичных запросах получения check - Примеры.Получение категорий от MillionPayments - Проверка работы сервиса при нетипичных запросах получения check - Примеры - Проверка работы сервиса при нетипичных запросах получения check
Банковские услуги - Пользователь может посмотреть информацию о статусе собственного абонентского счета по <providerName> и оплатить его - Примеры.Банковские услуги - Пользователь может посмотреть информацию о статусе собственного абонентского счета по <providerName> и оплатить его - Примеры - Пользователь может посмотреть информацию о статусе собственного абонентского счета по BANK_VTB_PIN и оплатить его
Сеть магазинов Э-коммерция - Пользователь может посмотреть информацию о статусе собственного абонентского счета по <providerName> и оплатить его - Примеры.Сеть магазинов Э-коммерция - Пользователь может посмотреть информацию о статусе собственного абонентского счета по <providerName> и оплатить его - Примеры - Пользователь может посмотреть информацию о статусе собственного абонентского счета по WORLD_TELECOM и оплатить его
Банковские услуги - Пользователь может посмотреть информацию о статусе собственного абонентского счета по <providerName> и оплатить его - Примеры.Банковские услуги - Пользователь может посмотреть информацию о статусе собственного абонентского счета по <providerName> и оплатить его - Примеры - Пользователь может посмотреть информацию о статусе собственного абонентского счета по ACCESSBANK и оплатить его
Получение категорий от MillionPayments - Проверка работы сервиса при нетипичных запросах списка категорий - Примеры.Получение категорий от MillionPayments - Проверка работы сервиса при нетипичных запросах списка категорий - Примеры - Проверка работы сервиса при нетипичных запросах списка категорий
Пополнение кошелька через партнера Binance.Пополнение кошелька через партнера Binance - пользователь выводит средства с баланса партнера BINANCE на кошелёк m10 с информацией о данных отправителя
Банковские услуги - Пользователь может посмотреть информацию о статусе собственного абонентского счета по <providerName> и оплатить его - Примеры.Банковские услуги - Пользователь может посмотреть информацию о статусе собственного абонентского счета по <providerName> и оплатить его - Примеры - Пользователь может посмотреть информацию о статусе собственного абонентского счета по AZKREDIT_PIN и оплатить его
Ответы от million и статусы в бд - Получение ответов от million с различными статусами - Примеры.Ответы от million и статусы в бд - Получение ответов от million с различными статусами - Примеры - Получение ответов от million с различными статусами
Интернет - Пользователь получает ошибку при вводе невалидных данных для check запроса - <providerName> - Примеры.Интернет - Пользователь получает ошибку при вводе невалидных данных для check запроса - <providerName> - Примеры - Пользователь получает ошибку при вводе невалидных данных для check запроса - AZTELECOMNET
Возврат оплаты в Браво по QR на счет m10.Возврат оплаты в Браво по QR на счет m10 - Timeout expires before user confirm refund
Проверка поиска пользователя M10 по параметрам.Проверка поиска пользователя M10 по параметрам - поиск пользователя по наличию кошелька M10
Ответы от million и статусы в бд - Получение ответов от million с различными статусами - Примеры.Ответы от million и статусы в бд - Получение ответов от million с различными статусами - Примеры - Получение ответов от million с различными статусами
Банковские услуги - Пользователь получает ошибку при вводе невалидных данных для check запроса - <providerName> - Примеры.Банковские услуги - Пользователь получает ошибку при вводе невалидных данных для check запроса - <providerName> - Примеры - Пользователь получает ошибку при вводе невалидных данных для check запроса - TEZ_YIGIM
Отправка средств незарегистрированному в M10 пользователю.Отправка средств незарегистрированному в M10 пользователю - Отправка средств незарегистрированному в M10 пользователю c чужим account id
Изменение данных в профиле пользователя.Изменение данных в профиле пользователя - Пользователь может изменить email в профиле
Банковские услуги - Пользователь может посмотреть информацию о статусе собственного абонентского счета по <providerName> и оплатить его - Примеры.Банковские услуги - Пользователь может посмотреть информацию о статусе собственного абонентского счета по <providerName> и оплатить его - Примеры - Пользователь может посмотреть информацию о статусе собственного абонентского счета по BANK_OF_BAKU и оплатить его
Открытие кошелька m10 (проверка на наличие кошелька) водителя в процессе регистрации в приложении Партнера - Обработка невалидных данных при запросе на регистрацию - <invalidPhone> - <partner> - Примеры.Открытие кошелька m10 (проверка на наличие кошелька) водителя в процессе регистрации в приложении Партнера - Обработка невалидных данных при запросе на регистрацию - <invalidPhone> - <partner> - Примеры - Обработка невалидных данных при запросе на регистрацию - textForTestt - BINANCE
Изменение данных в профиле пользователя - : Попытка изменения номера телефона c невалидными данными - "<invalidPhone>" - Примеры.Изменение данных в профиле пользователя - : Попытка изменения номера телефона c невалидными данными - "<invalidPhone>" - Примеры - : Попытка изменения номера телефона c невалидными данными - """"
Банковские услуги - Пользователь может посмотреть информацию о статусе собственного абонентского счета по <providerName> и оплатить его с учетом комиссии - Примеры.Банковские услуги - Пользователь может посмотреть информацию о статусе собственного абонентского счета по <providerName> и оплатить его с учетом комиссии - Примеры - Пользователь может посмотреть информацию о статусе собственного абонентского счета по KREDIT_EVI и оплатить его с учетом комиссии
Интернет - Пользователь получает ошибку при вводе невалидных данных для check запроса - <providerName> - Примеры.Интернет - Пользователь получает ошибку при вводе невалидных данных для check запроса - <providerName> - Примеры - Пользователь получает ошибку при вводе невалидных данных для check запроса - AZSTARNET
Ответы от million и статусы в бд - Получение ответов от million с различными статусами - Примеры.Ответы от million и статусы в бд - Получение ответов от million с различными статусами - Примеры - Получение ответов от million с различными статусами
Интернет - Пользователь получает ошибку при вводе невалидных данных для check запроса - <providerName> - Примеры.Интернет - Пользователь получает ошибку при вводе невалидных данных для check запроса - <providerName> - Примеры - Пользователь получает ошибку при вводе невалидных данных для check запроса - KATVNET
Открытие кошелька m10 (проверка на наличие кошелька) водителя в процессе регистрации в приложении Партнера - Обработка невалидных данных при запросе на регистрацию - <invalidPhone> - <partner> - Примеры.Открытие кошелька m10 (проверка на наличие кошелька) водителя в процессе регистрации в приложении Партнера - Обработка невалидных данных при запросе на регистрацию - <invalidPhone> - <partner> - Примеры - Обработка невалидных данных при запросе на регистрацию - ~!@#$%^&*()_ - BINANCE
Банковские услуги - Пользователь получает ошибку при вводе невалидных данных для check запроса - <providerName> - Примеры.Банковские услуги - Пользователь получает ошибку при вводе невалидных данных для check запроса - <providerName> - Примеры - Пользователь получает ошибку при вводе невалидных данных для check запроса - AZERBAYCAN_MICRO
Сценарии для crossBorder payment.Сценарии для crossBorder payment - Негативное выполнение payment запроса с планировщиком
Проверка пользователя на вхождение в черный список - Пользователь (<senderFio>) не проходит clientCheck - Примеры.Проверка пользователя на вхождение в черный список - Пользователь (<senderFio>) не проходит clientCheck - Примеры - Пользователь (ДЖЕРМАКЬЯН Эминович) не проходит clientCheck
Получение категорий от MillionPayments - Проверка работы сервиса при нетипичных запросах получения check - Примеры.Получение категорий от MillionPayments - Проверка работы сервиса при нетипичных запросах получения check - Примеры - Проверка работы сервиса при нетипичных запросах получения check
Банковские услуги - Пользователь может посмотреть информацию о статусе собственного абонентского счета по <providerName> и оплатить его - Примеры.Банковские услуги - Пользователь может посмотреть информацию о статусе собственного абонентского счета по <providerName> и оплатить его - Примеры - Пользователь может посмотреть информацию о статусе собственного абонентского счета по IDEAL_KREDIT и оплатить его
Интеграция m10 и партнеров для выплат клиентам по запросам - партнер хочет вывести средства с баланса <partner>, используя некорректный <invalidAccountId> - Примеры.Интеграция m10 и партнеров для выплат клиентам по запросам - партнер хочет вывести средства с баланса <partner>, используя некорректный <invalidAccountId> - Примеры - партнер хочет вывести средства с баланса BINANCE, используя некорректный strinstrinstrinstrinstrins28
Проверка получения токена - Пользователь не может получить токен доступа если ввел не валидные данные в запросе <errorDescription> <description> - Примеры.Проверка получения токена - Пользователь не может получить токен доступа если ввел не валидные данные в запросе <errorDescription> <description> - Примеры - Пользователь не может получить токен доступа если ввел не валидные данные в запросе - все null
Проверка получения токена.Проверка получения токена - Пользователь может получить токен в Keycloak по OTP_WITH_INITIAL_FACE_RECOGNITION flow, если передал в запросе все необходимые параметры
Проверка получения токена - Пользователь не может получить отп код если ввел не валидные данные в запросе: <description> - Примеры.Проверка получения токена - Пользователь не может получить отп код если ввел не валидные данные в запросе: <description> - Примеры - Пользователь не может получить отп код если ввел не валидные данные в запросе: все null
Проверка получения токена.Проверка получения токена - Пользователь не может получить токен доступа если получил данные по сессии по другому номеру OTP_WITH_INITIAL_FACE_RECOGNITION flow
Проверка получения токена - Пользователь не может получить токен в Keycloak по OTP_WITH_INITIAL_FACE_RECOGNITION flow, если он не передал в запросе <expectedField> - Примеры.Проверка получения токена - Пользователь не может получить токен в Keycloak по OTP_WITH_INITIAL_FACE_RECOGNITION flow, если он не передал в запросе <expectedField> - Примеры - Пользователь не может получить токен в Keycloak по OTP_WITH_INITIAL_FACE_RECOGNITION flow, если он не передал в запросе USERNAME
Проверка получения токена - Пользователь не может получить токен в Keycloak по OTP_WITH_INITIAL_FACE_RECOGNITION flow, если он не передал в запросе <expectedField> - Примеры.Проверка получения токена - Пользователь не может получить токен в Keycloak по OTP_WITH_INITIAL_FACE_RECOGNITION flow, если он не передал в запросе <expectedField> - Примеры - Пользователь не может получить токен в Keycloak по OTP_WITH_INITIAL_FACE_RECOGNITION flow, если он не передал в запросе CLIENT_ID
Проверка получения токена - Пользователь не может получить токен в Keycloak по OTP_WITH_INITIAL_FACE_RECOGNITION flow, если он не передал в запросе <expectedField> - Примеры.Проверка получения токена - Пользователь не может получить токен в Keycloak по OTP_WITH_INITIAL_FACE_RECOGNITION flow, если он не передал в запросе <expectedField> - Примеры - Пользователь не может получить токен в Keycloak по OTP_WITH_INITIAL_FACE_RECOGNITION flow, если он не передал в запросе CLIENT_SECRET
Проверка получения токена - Пользователь не может получить токен в Keycloak по OTP_WITH_INITIAL_FACE_RECOGNITION flow, если он не передал в запросе <expectedField> - Примеры.Проверка получения токена - Пользователь не может получить токен в Keycloak по OTP_WITH_INITIAL_FACE_RECOGNITION flow, если он не передал в запросе <expectedField> - Примеры - Пользователь не может получить токен в Keycloak по OTP_WITH_INITIAL_FACE_RECOGNITION flow, если он не передал в запросе GRANT_TYPE
Проверка получения токена - Пользователь не может получить токен в Keycloak по OTP_WITH_INITIAL_FACE_RECOGNITION flow, если он не передал в запросе <expectedField> - Примеры.Проверка получения токена - Пользователь не может получить токен в Keycloak по OTP_WITH_INITIAL_FACE_RECOGNITION flow, если он не передал в запросе <expectedField> - Примеры - Пользователь не может получить токен в Keycloak по OTP_WITH_INITIAL_FACE_RECOGNITION flow, если он не передал в запросе SESSION_ID
Проверка получения токена - Пользователь не может получить токен в Keycloak по OTP_WITH_INITIAL_FACE_RECOGNITION flow, если он не передал в запросе <expectedField> - Примеры.Проверка получения токена - Пользователь не может получить токен в Keycloak по OTP_WITH_INITIAL_FACE_RECOGNITION flow, если он не передал в запросе <expectedField> - Примеры - Пользователь не может получить токен в Keycloak по OTP_WITH_INITIAL_FACE_RECOGNITION flow, если он не передал в запросе ROOT_SESSION_ID
Проверка получения токена - пользователь не может пройти liveness3D, если он не передал в запросе <expectedField> - Примеры.Проверка получения токена - пользователь не может пройти liveness3D, если он не передал в запросе <expectedField> - Примеры - пользователь не может пройти liveness3D, если он не передал в запросе BASE_64_IMG
Проверка получения токена - пользователь не может пройти liveness3D, если он не передал в запросе <expectedField> - Примеры.Проверка получения токена - пользователь не может пройти liveness3D, если он не передал в запросе <expectedField> - Примеры - пользователь не может пройти liveness3D, если он не передал в запросе SESSION_ID
Проверка получения токена - пользователь не может пройти liveness3D, если он не передал в запросе <expectedField> - Примеры.Проверка получения токена - пользователь не может пройти liveness3D, если он не передал в запросе <expectedField> - Примеры - пользователь не может пройти liveness3D, если он не передал в запросе ROOT_SESSION_ID
Подсчёт заработанных лимонов.Подсчёт заработанных лимонов - Отображение отсортированной истории лимонов за разные дни
Сценарии для crossBorder payment.Сценарии для crossBorder payment - Проверка отработки планировщика на операциях в статусе in_flight
Популярные переводы - Пользователь может получить список популярных переводов с корректной последовательностью - <userNumber> - Примеры.Популярные переводы - Пользователь может получить список популярных переводов с корректной последовательностью - <userNumber> - Примеры - Пользователь может получить список популярных переводов с корректной последовательностью - 1
оплата по QR в Bravo посредством приложения BirBank.оплата по QR в Bravo посредством приложения BirBank - Таймаут операции оплаты истекает до того как юзер отсканировал Браво QR через приложение BirBank
Возврат оплаты в Браво по QR на счет m10.Возврат оплаты в Браво по QR на счет m10 - Seller canceled the operation before user has scanned QR code
Проверка получения токена - Пользователь не может получить токен в Keycloak по рефреш токену, если он не передал в запросе <loginTestCase> - Примеры.Проверка получения токена - Пользователь не может получить токен в Keycloak по рефреш токену, если он не передал в запросе <loginTestCase> - Примеры - Пользователь не может получить токен в Keycloak по рефреш токену, если он не передал в запросе CLIENT_ID
Возврат оплаты в Браво по QR на счет m10.Возврат оплаты в Браво по QR на счет m10 - User doesn't accept refund but seller confirm (dynamic QR)
Идентификация личности пользователя - Пользователь младше 14 лет (<residenceStatus>) не может пройти регистрацию в kyc - Примеры.Идентификация личности пользователя - Пользователь младше 14 лет (<residenceStatus>) не может пройти регистрацию в kyc - Примеры - Пользователь младше 14 лет (гражданин АР) не может пройти регистрацию в kyc
Работа с промокодами.Работа с промокодами - Проверка активации промо-кода с истекшим сроком действия
Популярные переводы - Пользователь может получить список популярных переводов с корректной последовательностью - <userNumber> - Примеры.Популярные переводы - Пользователь может получить список популярных переводов с корректной последовательностью - <userNumber> - Примеры - Пользователь может получить список популярных переводов с корректной последовательностью - 0
оплата по QR в Bravo посредством приложения BirBank.оплата по QR в Bravo посредством приложения BirBank - Таймаут истекает до того как юзер подтвердил операцию оплаты по Браво QR через приложение BirBank
Идентификация личности пользователя.Идентификация личности пользователя - У пользователя младше 14 лет не сохраняются данные по неуспешной регистрации в kyc
Сценарии для crossBorder payment.Сценарии для crossBorder payment - Пользователь не проходит payment с негативным clientCheck
Возврат оплаты в Браво по QR на счет m10.Возврат оплаты в Браво по QR на счет m10 - Seller canceled the operation after user has scanned QR code
Лимиты при начислении лимонов - Максимальные лимиты операций для начисления лимонов за разные периоды в категории QR POS - Примеры.Лимиты при начислении лимонов - Максимальные лимиты операций для начисления лимонов за разные периоды в категории QR POS - Примеры - Максимальные лимиты операций для начисления лимонов за разные периоды в категории QR POS
Отмена холдов пользователем Customer Care.Отмена холдов пользователем Customer Care - Отмена холда wallet to card операции пользователем Customer Care
Проверка пользователя на вхождение в черный список - Пользователь (<senderFio>) проходит clientCheck - Примеры.Проверка пользователя на вхождение в черный список - Пользователь (<senderFio>) проходит clientCheck - Примеры - Пользователь (Ян+Первомаев+Афонасьев) проходит clientCheck
Интеграция m10 и партнеров для выплат клиентам по запросам - партнер выводит средства с баланса партнера <partner> на кошелёк m10 - Примеры.Интеграция m10 и партнеров для выплат клиентам по запросам - партнер выводит средства с баланса партнера <partner> на кошелёк m10 - Примеры - партнер выводит средства с баланса партнера BOLT на кошелёк m10
Возврат оплаты в Браво по QR на счет m10.Возврат оплаты в Браво по QR на счет m10 - Seller canceled the operation after user has scanned dynamic QR before accept by user
обналичивание денег с QR кодом.обналичивание денег с QR кодом - Проверка что при существующем холде, операция проходит успешно
Отмена холдов пользователем Customer Care.Отмена холдов пользователем Customer Care - Отмена одного их двух холдов пользователем Customer Care
Оплата через QR в POS терминалах - Оплата через POS терминал <bank> Bank - Примеры.Оплата через QR в POS терминалах - Оплата через POS терминал <bank> Bank - Примеры - Оплата через POS терминал Pasha Bank
обналичивание денег с QR кодом.обналичивание денег с QR кодом - проверка что не удаляется hold операции QR CashOut, при операции W2W
Идентификация личности пользователя.Идентификация личности пользователя - У пользователя моложе 14 лет не сохраняются данные успешной регистрации после downtime SIMA сервиса
Возврат оплаты в Браво по QR на счет m10.Возврат оплаты в Браво по QR на счет m10 - Seller canceled the operation after user has accepted (dynamic QR)
Пополнение счета электронного кошелька.Пополнение счета электронного кошелька - Пользователь проверяет статус пополнения с некорректным внешним OperationId
Идентификация личности пользователя.Идентификация личности пользователя - У пользователя моложе 14 лет не сохраняются данные успешной регистрации если фин-код не распознается
Лимиты при начислении лимонов - Максимальные лимиты операций для начисления лимонов за разные периоды в категории QR POS - Примеры.Лимиты при начислении лимонов - Максимальные лимиты операций для начисления лимонов за разные периоды в категории QR POS - Примеры - Максимальные лимиты операций для начисления лимонов за разные периоды в категории QR POS
оплата по QR в Bravo посредством приложения BirBank.оплата по QR в Bravo посредством приложения BirBank - Таймаут истекает до того как кассир подтвердил операцию оплаты по Браво QR через приложение BirBank
обналичивание денег с QR кодом - проверка идемпотентости операции QR CashOut со статусом <transactionStatus>, при дублировании записи в Redis'е - Примеры.обналичивание денег с QR кодом - проверка идемпотентости операции QR CashOut со статусом <transactionStatus>, при дублировании записи в Redis'е - Примеры - проверка идемпотентости операции QR CashOut со статусом NOT_ENOUGH_MONEY, при дублировании записи в Redis'е
Отмена холдов пользователем Customer Care.Отмена холдов пользователем Customer Care - Отмена холда выполненной операции пользователем Customer Care
Проверка миссий.Проверка миссий - Проверка миссии оплаты по QR на 5 манат Bravo, POS - бонус не начисляется
Интеграция m10 и партнеров для выплат клиентам по запросам - партнер выводит средства с баланса партнера <partner> на кошелёк m10 - Примеры.Интеграция m10 и партнеров для выплат клиентам по запросам - партнер выводит средства с баланса партнера <partner> на кошелёк m10 - Примеры - партнер выводит средства с баланса партнера MANATO на кошелёк m10
Лимиты при начислении лимонов.Лимиты при начислении лимонов - Начисление утешительных лимонов не влияет на лимиты по дням
обналичивание денег с QR кодом.обналичивание денег с QR кодом - проверка таймаута от банка при операции QrCashOutPayRequest
Лимиты при начислении лимонов - Максимальные лимиты операций для начисления лимонов за разные периоды в категории QR POS - Примеры.Лимиты при начислении лимонов - Максимальные лимиты операций для начисления лимонов за разные периоды в категории QR POS - Примеры - Максимальные лимиты операций для начисления лимонов за разные периоды в категории QR POS
Оплата через QR в POS терминалах - Пользователь отменяет оплату через POS терминал <bank> Bank - Примеры.Оплата через QR в POS терминалах - Пользователь отменяет оплату через POS терминал <bank> Bank - Примеры - Пользователь отменяет оплату через POS терминал Pasha Bank
Проверка миссий.Проверка миссий - Проверка миссии оплаты по QR на 5 манат Bravo, одна покупка на 5 манат, бонус не начисляется
Идентификация личности пользователя - Пользователь не может идентифицировать свою личность если ввел не все данные - <description> - Примеры.Идентификация личности пользователя - Пользователь не может идентифицировать свою личность если ввел не все данные - <description> - Примеры - Пользователь не может идентифицировать свою личность если ввел не все данные - отсутствие финкода
Пользователь m10 может оплатить покупки в онлайн магазинах используя кошелек m10..Пользователь m10 может оплатить покупки в онлайн магазинах используя кошелек m10. - Пользователь m10 может оплатить в онлайн магазине покупки
Пополнение счета электронного кошелька.Пополнение счета электронного кошелька - Пользователь пополняет счет мобильного кошелька с терминала с дублированием операции с одинаковым externalId
Идентификация личности пользователя - Пользователь (<residenceStatus>) не может идентифицировать свою личность если лицо не распознается - Примеры.Идентификация личности пользователя - Пользователь (<residenceStatus>) не может идентифицировать свою личность если лицо не распознается - Примеры - Пользователь (резидент) не может идентифицировать свою личность если лицо не распознается
Пользователь может оплатить покупки в офлайн магазинах через приложение m10 - Пользователь может вернуть покупку в офлайн магазине и получить свои деньги обратно на кошелек m10.Пользователь может оплатить покупки в офлайн магазинах через приложение m10 - Пользователь может вернуть покупку в офлайн магазине и получить свои деньги обратно на кошелек m10 - Пользователь возвращает покупку двумя чеками в магазине Bravo и получает полную сумму обратно на кошелек m10
обналичивание денег с QR кодом - проверка идемпотентости операции QR CashOut со статусом <transactionStatus>, при дублировании записи в Redis'е - Примеры.обналичивание денег с QR кодом - проверка идемпотентости операции QR CashOut со статусом <transactionStatus>, при дублировании записи в Redis'е - Примеры - проверка идемпотентости операции QR CashOut со статусом SUCCESS, при дублировании записи в Redis'е
Интеграция m10 и партнеров для выплат клиентам по запросам - партнер выводит средства с баланса партнера <partner> на кошелёк m10 - Примеры.Интеграция m10 и партнеров для выплат клиентам по запросам - партнер выводит средства с баланса партнера <partner> на кошелёк m10 - Примеры - партнер выводит средства с баланса партнера BILLKILL на кошелёк m10
Сценарии для crossBorder payment.Сценарии для crossBorder payment - Пользователь не проходит payment с измененной суммой перевода
Сценарии для crossBorder payment.Сценарии для crossBorder payment - Пользователь не проходит payment c измененным номером телефона
Проверка пользователя на вхождение в черный список - Пользователь (<senderFio>) проходит clientCheck - Примеры.Проверка пользователя на вхождение в черный список - Пользователь (<senderFio>) проходит clientCheck - Примеры - Пользователь (Иванов Иван Иванович) проходит clientCheck
Отмена холдов пользователем Customer Care.Отмена холдов пользователем Customer Care - Отмена холда операции wallet to nonM10 пользователем Customer Care
Сценарии для crossBorder payment - Пользователь не проходит payment c неверной датой - <pay_date> - Примеры.Сценарии для crossBorder payment - Пользователь не проходит payment c неверной датой - <pay_date> - Примеры - Пользователь не проходит payment c неверной датой - 26.2022_12:10
Лимиты при начислении лимонов.Лимиты при начислении лимонов - Начисление утешительных лимонов при совершении нескольких оплат в категории оплата по qr POS по одному мерчанту
обналичивание денег с QR кодом.обналичивание денег с QR кодом - проверка таймаута от банка при операции QR QrCashOutCheckRequest
Оплата через QR в POS терминалах - Пользователь не может совершить оплату через POS терминал <bank> Bank POS если у него не достаточно денег - Примеры.Оплата через QR в POS терминалах - Пользователь не может совершить оплату через POS терминал <bank> Bank POS если у него не достаточно денег - Примеры - Пользователь не может совершить оплату через POS терминал Pasha Bank POS если у него не достаточно денег
Проверка миссий.Проверка миссий - Проверка миссии оплаты биллса на 3 маната, две оплаты (за мобильную связь) в сумме на 3 Azn
Идентификация личности пользователя - Пользователь не может идентифицировать свою личность если ввел не все данные - <description> - Примеры.Идентификация личности пользователя - Пользователь не может идентифицировать свою личность если ввел не все данные - <description> - Примеры - Пользователь не может идентифицировать свою личность если ввел не все данные - отсутствие изображение
Пополнение счета электронного кошелька.Пополнение счета электронного кошелька - Зарегистрированный пользователь не может пополнить мобильный кошелек незарегистрированного пользователя
Идентификация личности пользователя - Пользователь (<residenceStatus>) не может идентифицировать свою личность если лицо не распознается - Примеры.Идентификация личности пользователя - Пользователь (<residenceStatus>) не может идентифицировать свою личность если лицо не распознается - Примеры - Пользователь (гражданин АР) не может идентифицировать свою личность если лицо не распознается
Пользователь может оплатить покупки в офлайн магазинах через приложение m10.Пользователь может оплатить покупки в офлайн магазинах через приложение m10 - Cashier canceled payment after user's approve with not found hold
Пользователь может оплатить покупки в офлайн магазинах через приложение m10.Пользователь может оплатить покупки в офлайн магазинах через приложение m10 - Success payment
Интеграция m10 и партнеров для выплат клиентам по запросам - партнер выводит средства с баланса партнера <partner> на кошелёк m10 - Примеры.Интеграция m10 и партнеров для выплат клиентам по запросам - партнер выводит средства с баланса партнера <partner> на кошелёк m10 - Примеры - партнер выводит средства с баланса партнера IDDA на кошелёк m10
Пополнение счета электронного кошелька.Пополнение счета электронного кошелька - Пользователь пополняет счет мобильного кошелька с терминала
Принятие Terms of services.Принятие Terms of services - Пользователь принимает версию TOS и получает подтверждение принятия по версии
w2w transfer.w2w transfer - Ошибка Transfer not found при выполнении confirm transfer с чужим confirmId
Лимиты при начислении лимонов.Лимиты при начислении лимонов - Проверка формирования первой записи бюджета при наличии истории записей через запрос количества лимонов
Сценарии для crossBorder payment - Пользователь не проходит payment c неверной датой - <pay_date> - Примеры.Сценарии для crossBorder payment - Пользователь не проходит payment c неверной датой - <pay_date> - Примеры - Пользователь не проходит payment c неверной датой - 26.2022_12:05:10
Сценарии для crossBorder payment - Пользователь не проходит payment c неверной датой - <pay_date> - Примеры.Сценарии для crossBorder payment - Пользователь не проходит payment c неверной датой - <pay_date> - Примеры - Пользователь не проходит payment c неверной датой - 26.2022_12-05-10
Оплата через QR в POS терминалах - Кассир отменяет операцию оплаты в POS терминале <bank> Bank до оплаты пользователем - Примеры.Оплата через QR в POS терминалах - Кассир отменяет операцию оплаты в POS терминале <bank> Bank до оплаты пользователем - Примеры - Кассир отменяет операцию оплаты в POS терминале Pasha Bank до оплаты пользователем
Проверка миссий.Проверка миссий - Проверка миссии оплаты биллса на 3 маната, оплата (за HOP) больше 3 Azn
Идентификация личности пользователя - Пользователь не может идентифицировать свою личность если ввел не все данные - <description> - Примеры.Идентификация личности пользователя - Пользователь не может идентифицировать свою личность если ввел не все данные - <description> - Примеры - Пользователь не может идентифицировать свою личность если ввел не все данные - отсутсвие документов
Подсчёт заработанных лимонов.Подсчёт заработанных лимонов - Начисление суммы лимонов при совершении нескольких успешных оплат в разных категориях
Лимиты при начислении лимонов.Лимиты при начислении лимонов - Проверка формирования первой записи бюджета при наличии истории записей через новую операцию
Идентификация личности пользователя - Пользователь (<residenceStatus>) не может идентифицировать свою личность если не удалось получить данные из SIMA - Примеры.Идентификация личности пользователя - Пользователь (<residenceStatus>) не может идентифицировать свою личность если не удалось получить данные из SIMA - Примеры - Пользователь (резидент) не может идентифицировать свою личность если не удалось получить данные из SIMA
Идентификация личности пользователя.Идентификация личности пользователя - При успешной регистрации младше 14 лет удаляются предыдущие попытки kyc регистрации
Пользователь может оплатить покупки в офлайн магазинах через приложение m10.Пользователь может оплатить покупки в офлайн магазинах через приложение m10 - Payment with wrong currency from seller
Интеграция m10 с бонусной программой umico.Интеграция m10 с бонусной программой umico - Пользователь m10, не имеющий umico аккаунта, пытается посмотреть umico bonus баланс [USER_HAS_NO_UMICO_LINKED]
Интеграция m10 и партнеров для выплат клиентам по запросам - партнер выводит средства с баланса партнера <partner> на кошелёк m10 - Примеры.Интеграция m10 и партнеров для выплат клиентам по запросам - партнер выводит средства с баланса партнера <partner> на кошелёк m10 - Примеры - партнер выводит средства с баланса партнера ETOPAZ на кошелёк m10
Пользователь может оплатить покупки в офлайн магазинах через приложение m10 - Пользователь оплачивает покупки в магазине <Магазин> сканируя QR код на кассе через приложение m10 с кешбэком в <Процент кешбэка> - Примеры.Пользователь может оплатить покупки в офлайн магазинах через приложение m10 - Пользователь оплачивает покупки в магазине <Магазин> сканируя QR код на кассе через приложение m10 с кешбэком в <Процент кешбэка> - Примеры - Пользователь оплачивает покупки в магазине BeeGross сканируя QR код на кассе через приложение m10 с кешбэком в 2%
Пополнение счета электронного кошелька.Пополнение счета электронного кошелька - Пользователь пополняет счет мобильного кошелька другого пользователя с терминала
w2w transfer.w2w transfer - Ошибка Transfer not found при выполнении confirm transfer с не правильным confirmId
Интеграция m10 и партнеров для выплат клиентам по запросам - партнер выводит средства с баланса партнера <partner> на кошелёк m10 - Примеры.Интеграция m10 и партнеров для выплат клиентам по запросам - партнер выводит средства с баланса партнера <partner> на кошелёк m10 - Примеры - партнер выводит средства с баланса партнера DELIVERY_421 на кошелёк m10
Пользователь может оплатить покупки в офлайн магазинах через приложение m10.Пользователь может оплатить покупки в офлайн магазинах через приложение m10 - Cashier canceled payment after user's approve + delete user from Redis
Оплата через QR в POS терминалах - Кассир отменяет операцию оплаты в POS терминале <bank> Bank после оплаты пользователем, но до подтверждения операции терминалом - Примеры.Оплата через QR в POS терминалах - Кассир отменяет операцию оплаты в POS терминале <bank> Bank после оплаты пользователем, но до подтверждения операции терминалом - Примеры - Кассир отменяет операцию оплаты в POS терминале Pasha Bank после оплаты пользователем, но до подтверждения операции терминалом
Идентификация личности пользователя - Пользователь (<residenceStatus>) не может идентифицировать свою личность качество изображения низкое - Примеры.Идентификация личности пользователя - Пользователь (<residenceStatus>) не может идентифицировать свою личность качество изображения низкое - Примеры - Пользователь (резидент) не может идентифицировать свою личность качество изображения низкое
Подсчёт заработанных лимонов.Подсчёт заработанных лимонов - Начисление суммы лимонов при совершении нескольких успешных оплат в категории оплата по qr Bravo
Лимиты при начислении лимонов - Максимальные лимиты операций для начисления лимонов за разные периоды в категории QR Bravo - Примеры.Лимиты при начислении лимонов - Максимальные лимиты операций для начисления лимонов за разные периоды в категории QR Bravo - Примеры - Максимальные лимиты операций для начисления лимонов за разные периоды в категории QR Bravo
Идентификация личности пользователя - Пользователь (<residenceStatus>) не может идентифицировать свою личность если не удалось получить данные из SIMA - Примеры.Идентификация личности пользователя - Пользователь (<residenceStatus>) не может идентифицировать свою личность если не удалось получить данные из SIMA - Примеры - Пользователь (гражданин АР) не может идентифицировать свою личность если не удалось получить данные из SIMA
Идентификация личности пользователя - Пользователь (<residenceStatus>) не может идентифицировать свою личность если фин-код не распознается - Примеры.Идентификация личности пользователя - Пользователь (<residenceStatus>) не может идентифицировать свою личность если фин-код не распознается - Примеры - Пользователь (резидент) не может идентифицировать свою личность если фин-код не распознается
Интеграция m10 с бонусной программой umico.Интеграция m10 с бонусной программой umico - Пользователь m10 пытается посмотреть umico bonus баланс с невалидным токеном
Интеграция m10 с бонусной программой umico.Интеграция m10 с бонусной программой umico - Новый пользователь регистрируется в m10, проходит KYC и получает учетную запись в umico при запросе юмико-баланса
Интеграция m10 и партнеров для выплат клиентам по запросам - партнер выводит средства с баланса партнера <partner> на кошелёк m10 - Примеры.Интеграция m10 и партнеров для выплат клиентам по запросам - партнер выводит средства с баланса партнера <partner> на кошелёк m10 - Примеры - партнер выводит средства с баланса партнера TABATERRA на кошелёк m10
Пользователь может оплатить покупки в офлайн магазинах через приложение m10 - Пользователь оплачивает покупки в магазине <Магазин> сканируя QR код на кассе через приложение m10 с кешбэком в <Процент кешбэка> - Примеры.Пользователь может оплатить покупки в офлайн магазинах через приложение m10 - Пользователь оплачивает покупки в магазине <Магазин> сканируя QR код на кассе через приложение m10 с кешбэком в <Процент кешбэка> - Примеры - Пользователь оплачивает покупки в магазине Bazarstore сканируя QR код на кассе через приложение m10 с кешбэком в 2%
w2w transfer.w2w transfer - Ошибка при выполнении повторного init transfer с тем же externalId от другого пользователя
Проверка миссий.Проверка миссий - Проверка, что миссии не доступны после выключения новым пользователям
Интеграция m10 и партнеров для выплат клиентам по запросам - партнер выводит средства с баланса партнера <partner> на кошелёк m10 - Примеры.Интеграция m10 и партнеров для выплат клиентам по запросам - партнер выводит средства с баланса партнера <partner> на кошелёк m10 - Примеры - партнер выводит средства с баланса партнера FIRST_FLEET на кошелёк m10
Пользователь может оплатить покупки в офлайн магазинах через приложение m10.Пользователь может оплатить покупки в офлайн магазинах через приложение m10 - Shop payment approval + delete user from Redis
Предоставить подтверждения денежных операций, совершенные в m10 между пользователями.Предоставить подтверждения денежных операций, совершенные в m10 между пользователями - switcher не отвечает на запрос подтверждения номера, после N количества ретрая, статус операции переходит в Error
Сценарии для crossBorder payment.Сценарии для crossBorder payment - Пользователь не проходит payment c выключенным тогглом
Обмен бонуса umico на денежные средства.Обмен бонуса umico на денежные средства - При отправке одинакового запроса на обмен umico бонусов пользователю приходит ошибка
Оплата через QR в POS терминалах - POS Терминал <bank> Bank отменяет операцию оплаты из-за сбоя после оплаты пользователем, но до подтверждения операции терминалом - Примеры.Оплата через QR в POS терминалах - POS Терминал <bank> Bank отменяет операцию оплаты из-за сбоя после оплаты пользователем, но до подтверждения операции терминалом - Примеры - POS Терминал Pasha Bank отменяет операцию оплаты из-за сбоя после оплаты пользователем, но до подтверждения операции терминалом
Идентификация личности пользователя - Пользователь (<residenceStatus>) не может идентифицировать свою личность качество изображения низкое - Примеры.Идентификация личности пользователя - Пользователь (<residenceStatus>) не может идентифицировать свою личность качество изображения низкое - Примеры - Пользователь (гражданин АР) не может идентифицировать свою личность качество изображения низкое
Подсчёт заработанных лимонов.Подсчёт заработанных лимонов - Начисление суммы лимонов при совершении нескольких успешных оплат в категории оплата по qr POS у разных мерчантов
Лимиты при начислении лимонов - Максимальные лимиты операций для начисления лимонов за разные периоды в категории QR Bravo - Примеры.Лимиты при начислении лимонов - Максимальные лимиты операций для начисления лимонов за разные периоды в категории QR Bravo - Примеры - Максимальные лимиты операций для начисления лимонов за разные периоды в категории QR Bravo
Пополнение счета электронного кошелька.Пополнение счета электронного кошелька - Незарегистрированный пользователь не может пополнить свой мобильный кошелек
Идентификация личности пользователя - Пользователь (<residenceStatus>) не может идентифицировать свою личность если фин-код не распознается - Примеры.Идентификация личности пользователя - Пользователь (<residenceStatus>) не может идентифицировать свою личность если фин-код не распознается - Примеры - Пользователь (гражданин АР) не может идентифицировать свою личность если фин-код не распознается
Интеграция m10 с бонусной программой umico.Интеграция m10 с бонусной программой umico - Пользователь m10, зарегистрированный в umico, может посмотреть umico bonus баланс [mocked]
Идентификация личности пользователя - Customer (<residenceStatus>) care может анализировать каждую попытку регистрации пользователя - Примеры.Идентификация личности пользователя - Customer (<residenceStatus>) care может анализировать каждую попытку регистрации пользователя - Примеры - Customer (резидент) care может анализировать каждую попытку регистрации пользователя
Интеграция m10 с бонусной программой umico.Интеграция m10 с бонусной программой umico - Новый пользователь регистрируется в m10, проходит KYC и получает учетную запись в umico при запросе актуального юмико-баланса
Пользователь может оплатить покупки в офлайн магазинах через приложение m10.Пользователь может оплатить покупки в офлайн магазинах через приложение m10 - Касса магазина получает информацию об id пользователя в системе umico, после оплаты пользователем покупки на ней, если пользователь связал m10 и umico аккаунт
w2w transfer - Успешное выполнение confirm transfer с повторным init transfer с <flow> externalId - Примеры.w2w transfer - Успешное выполнение confirm transfer с повторным init transfer с <flow> externalId - Примеры - Успешное выполнение confirm transfer с повторным init transfer с тем же externalId
Предоставить подтверждения денежных операций, совершенные в m10 между пользователями.Предоставить подтверждения денежных операций, совершенные в m10 между пользователями - По переданному запросу со switcher-a, произошла успешная операция между пользователями на указанную сумму
Пользователь может оплатить покупки в офлайн магазинах через приложение m10.Пользователь может оплатить покупки в офлайн магазинах через приложение m10 - User was deleted before he has approved payment and cashier canceled payment
Предоставить подтверждения денежных операций, совершенные в m10 между пользователями.Предоставить подтверждения денежных операций, совершенные в m10 между пользователями - По успешно подтвержденному запросу switcher-a, отправляется еще один запрос
Предоставить подтверждения денежных операций, совершенные в m10 между пользователями.Предоставить подтверждения денежных операций, совершенные в m10 между пользователями - Если switcher не отвечает на запрос подтверждения, после N количества ретрая, статус операции переходит в Error
Поиск данных пользователя по номеру телефона.Поиск данных пользователя по номеру телефона - Поиск UserID пользователя по некорректному номеру телефона
Оплата через QR в POS терминалах - POS Терминал <bank> Bank отменяет операцию оплаты из-за сбоя после оплаты пользователем, после подтверждения операции терминалом - Примеры.Оплата через QR в POS терминалах - POS Терминал <bank> Bank отменяет операцию оплаты из-за сбоя после оплаты пользователем, после подтверждения операции терминалом - Примеры - POS Терминал Pasha Bank отменяет операцию оплаты из-за сбоя после оплаты пользователем, после подтверждения операции терминалом
Прооверка необходимости обновления версии - Пользователь проверяет требуется ли обновление версии - <version> - Примеры.Прооверка необходимости обновления версии - Пользователь проверяет требуется ли обновление версии - <version> - Примеры - Пользователь проверяет требуется ли обновление версии - 152.123.12211
Идентификация личности пользователя.Идентификация личности пользователя - Пользователь не может идентифицировать свою личность если формат изображения не верный
Подсчёт заработанных лимонов.Подсчёт заработанных лимонов - Неначисление суммы лимонов при совершении нескольких успешных оплат в категории оплата счетов в разных категориях
Платежи с кошелька m10 на банковскую карту используя шаблоны по старому флоу и флоу ECOM.Платежи с кошелька m10 на банковскую карту используя шаблоны по старому флоу и флоу ECOM - Проверка оплаты w2c по шаблону популярных карт с транзакцией через ECOM
Сценарии для проверки курсов валют.Сценарии для проверки курсов валют - Получение внешнего курса валют после установки
Сценарии для проверки курсов валют - Ошибки при установке внутреннего курса валют - Примеры.Сценарии для проверки курсов валют - Ошибки при установке внутреннего курса валют - Примеры - Ошибки при установке внутреннего курса валют
Сценарии для проверки курсов валют - Ошибки при установке внутреннего курса валют - Примеры.Сценарии для проверки курсов валют - Ошибки при установке внутреннего курса валют - Примеры - Ошибки при установке внутреннего курса валют
w2w transfer - Успешное выполнение confirm transfer с повторным init transfer с <flow> externalId - Примеры.w2w transfer - Успешное выполнение confirm transfer с повторным init transfer с <flow> externalId - Примеры - Успешное выполнение confirm transfer с повторным init transfer с новым externalId
Сценарии для проверки курсов валют - Ошибки при установке внутреннего курса валют - Примеры.Сценарии для проверки курсов валют - Ошибки при установке внутреннего курса валют - Примеры - Ошибки при установке внутреннего курса валют
w2w transfer - Успешное выполнение confirm transfer с суммой <money> и комментарием <comment> и <qr_flow> QR - Примеры.w2w transfer - Успешное выполнение confirm transfer с суммой <money> и комментарием <comment> и <qr_flow> QR - Примеры - Успешное выполнение confirm transfer с суммой 9 манат и комментарием just и используя QR
Разблокирование зависших заблокированных операций - Проверка разблокировки операции <operationName> со статусом <Status> - Примеры.Разблокирование зависших заблокированных операций - Проверка разблокировки операции <operationName> со статусом <Status> - Примеры - Проверка разблокировки операции операция2 со статусом Preparing
Разблокирование зависших заблокированных операций - Проверка разблокировки операции <operationName> со статусом <Status> - Примеры.Разблокирование зависших заблокированных операций - Проверка разблокировки операции <operationName> со статусом <Status> - Примеры - Проверка разблокировки операции операция3 со статусом Preparing
w2w transfer - Успешное выполнение confirm transfer с суммой <money> и комментарием <comment> и <qr_flow> QR - Примеры.w2w transfer - Успешное выполнение confirm transfer с суммой <money> и комментарием <comment> и <qr_flow> QR - Примеры - Успешное выполнение confirm transfer с суммой 11 манат и комментарием t и не используя QR
w2w transfer.w2w transfer - Ошибка Forbidden при выполнение initial transfer
w2w transfer - Успешное выполнение initial transfer с суммой <money> - Примеры.w2w transfer - Успешное выполнение initial transfer с суммой <money> - Примеры - Успешное выполнение initial transfer с суммой 1 манат
w2w transfer - Успешное выполнение confirm transfer с суммой <money> и комментарием <comment> и <qr_flow> QR - Примеры.w2w transfer - Успешное выполнение confirm transfer с суммой <money> и комментарием <comment> и <qr_flow> QR - Примеры - Успешное выполнение confirm transfer с суммой 100 манат и комментарием empty и используя QR
w2w transfer.w2w transfer - Не найден получатель при выполнение initial transfer
Подсчёт заработанных лимонов.Подсчёт заработанных лимонов - Неначисление суммы лимонов при совершении нескольких успешных оплат в категории вывод с кошелька на карту W2C
w2w transfer - Успешное выполнение initial transfer с суммой <money> - Примеры.w2w transfer - Успешное выполнение initial transfer с суммой <money> - Примеры - Успешное выполнение initial transfer с суммой 10000,00 манат
Подсчёт заработанных лимонов.Подсчёт заработанных лимонов - Списание лимонов при совершении частичного рефанда оплаты в категории оплата по qr Bravo
w2w transfer - Успешное выполнение confirm transfer с суммой <money> и комментарием <comment> и <qr_flow> QR - Примеры.w2w transfer - Успешное выполнение confirm transfer с суммой <money> и комментарием <comment> и <qr_flow> QR - Примеры - Успешное выполнение confirm transfer с суммой 65 манат и комментарием empty и не используя QR
Лимиты при начислении лимонов.Лимиты при начислении лимонов - Cброс лимитов при наступлении следующего периода
Платежи с кошелька m10 на банковскую карту используя шаблоны по старому флоу и флоу ECOM.Платежи с кошелька m10 на банковскую карту используя шаблоны по старому флоу и флоу ECOM - Транзакция с кошелька на карту через Million gateway с недействительным ответом на оплату
Проверка миссий.Проверка миссий - Проверка, что доступны миссии после выключения тем пользователям, которые видели миссии
Проверка миссий.Проверка миссий - Проверка, что новые пользователи видят миссии
Проверка миссий.Проверка миссий - Проверка миссии пополни баланс для нового пользователя
